Command line invocation:
    /Applications/Xcode_26.6.app/Contents/Developer/usr/bin/xcodebuild -project CFMCheat.xcodeproj -target CFMCheat -configuration Release -sdk iphoneos -arch arm64 CODE_SIGNING_ALLOWED=NO CODE_SIGNING_REQUIRED=NO CODE_SIGN_IDENTITY= HEADER_SEARCH_PATHS=/Users/runner/work/cfm-cheat/cfm-cheat/CFMCheat/libkfd SYMROOT=/Users/runner/work/cfm-cheat/cfm-cheat/build/SYMROOT OBJROOT=/Users/runner/work/cfm-cheat/cfm-cheat/build/OBJROOT build

Build settings from command line:
    ARCHS = arm64
    CODE_SIGN_IDENTITY = 
    CODE_SIGNING_ALLOWED = NO
    CODE_SIGNING_REQUIRED = NO
    HEADER_SEARCH_PATHS = /Users/runner/work/cfm-cheat/cfm-cheat/CFMCheat/libkfd
    OBJROOT = /Users/runner/work/cfm-cheat/cfm-cheat/build/OBJROOT
    SDKROOT = iphoneos26.5
    SYMROOT = /Users/runner/work/cfm-cheat/cfm-cheat/build/SYMROOT

note: Using codesigning identity override: 
ComputePackagePrebuildTargetDependencyGraph

Prepare packages

CreateBuildRequest

SendProjectDescription

CreateBuildOperation

ComputeTargetDependencyGraph
note: Building targets in dependency order
note: Target dependency graph (1 target)
    Target 'CFMCheat' in project 'CFMCheat' (no dependencies)

GatherProvisioningInputs

CreateBuildDescription

ExecuteExternalTool /Applications/Xcode_26.6.app/Contents/Developer/Toolchains/XcodeDefault.xctoolchain/usr/bin/clang -v -E -dM -isysroot /Applications/Xcode_26.6.app/Contents/Developer/Platforms/iPhoneOS.platform/Developer/SDKs/iPhoneOS26.5.sdk -x c -c /dev/null

ExecuteExternalTool /Applications/Xcode_26.6.app/Contents/Developer/Toolchains/XcodeDefault.xctoolchain/usr/bin/clang -v -E -dM -arch arm64 -isysroot /Applications/Xcode_26.6.app/Contents/Developer/Platforms/iPhoneOS.platform/Developer/SDKs/iPhoneOS26.5.sdk -x objective-c -c /dev/null

ExecuteExternalTool /Applications/Xcode_26.6.app/Contents/Developer/Toolchains/XcodeDefault.xctoolchain/usr/bin/clang -v -E -dM -arch arm64 -isysroot /Applications/Xcode_26.6.app/Contents/Developer/Platforms/iPhoneOS.platform/Developer/SDKs/iPhoneOS26.5.sdk -x c -c /dev/null

ExecuteExternalTool /Applications/Xcode_26.6.app/Contents/Developer/Toolchains/XcodeDefault.xctoolchain/usr/bin/ld -version_details

Build description signature: f3397963fe26c5f60ea66f314e437a01
Build description path: /Users/runner/work/cfm-cheat/cfm-cheat/build/OBJROOT/XCBuildData/f3397963fe26c5f60ea66f314e437a01.xcbuilddata
CreateBuildDirectory /Users/runner/work/cfm-cheat/cfm-cheat/build/OBJROOT
    cd /Users/runner/work/cfm-cheat/cfm-cheat/CFMCheat.xcodeproj
    builtin-create-build-directory /Users/runner/work/cfm-cheat/cfm-cheat/build/OBJROOT

ClangStatCache /Applications/Xcode_26.6.app/Contents/Developer/Toolchains/XcodeDefault.xctoolchain/usr/bin/clang-stat-cache /Applications/Xcode_26.6.app/Contents/Developer/Platforms/iPhoneOS.platform/Developer/SDKs/iPhoneOS26.5.sdk /var/folders/36/tjdph2t965j8snz9_vkdnw0r0000gn/C/com.apple.DeveloperTools/26.6-17F113/Xcode/SDKStatCaches.noindex/iphoneos26.5-23F81a-688ef53f1462e2c8f657fdc38a81448fee66e23052a0157c865c76b268046726.sdkstatcache
    cd /Users/runner/work/cfm-cheat/cfm-cheat/CFMCheat.xcodeproj
    /Applications/Xcode_26.6.app/Contents/Developer/Toolchains/XcodeDefault.xctoolchain/usr/bin/clang-stat-cache /Applications/Xcode_26.6.app/Contents/Developer/Platforms/iPhoneOS.platform/Developer/SDKs/iPhoneOS26.5.sdk -o /var/folders/36/tjdph2t965j8snz9_vkdnw0r0000gn/C/com.apple.DeveloperTools/26.6-17F113/Xcode/SDKStatCaches.noindex/iphoneos26.5-23F81a-688ef53f1462e2c8f657fdc38a81448fee66e23052a0157c865c76b268046726.sdkstatcache

CreateBuildDirectory /Users/runner/work/cfm-cheat/cfm-cheat/build/SYMROOT
    cd /Users/runner/work/cfm-cheat/cfm-cheat/CFMCheat.xcodeproj
    builtin-create-build-directory /Users/runner/work/cfm-cheat/cfm-cheat/build/SYMROOT

WriteAuxiliaryFile /Users/runner/work/cfm-cheat/cfm-cheat/build/OBJROOT/CFMCheat.build/Release-iphoneos/CFMCheat-b27e90dc79ba55a75cbc77795356632e-VFS-iphoneos/all-product-headers.yaml
    cd /Users/runner/work/cfm-cheat/cfm-cheat/CFMCheat.xcodeproj
    write-file /Users/runner/work/cfm-cheat/cfm-cheat/build/OBJROOT/CFMCheat.build/Release-iphoneos/CFMCheat-b27e90dc79ba55a75cbc77795356632e-VFS-iphoneos/all-product-headers.yaml

CreateBuildDirectory /Users/runner/work/cfm-cheat/cfm-cheat/build/OBJROOT/SwiftExplicitPrecompiledModules
    cd /Users/runner/work/cfm-cheat/cfm-cheat/CFMCheat.xcodeproj
    builtin-create-build-directory /Users/runner/work/cfm-cheat/cfm-cheat/build/OBJROOT/SwiftExplicitPrecompiledModules

CreateBuildDirectory /Users/runner/work/cfm-cheat/cfm-cheat/build/SYMROOT/Release-iphoneos
    cd /Users/runner/work/cfm-cheat/cfm-cheat/CFMCheat.xcodeproj
    builtin-create-build-directory /Users/runner/work/cfm-cheat/cfm-cheat/build/SYMROOT/Release-iphoneos

CreateBuildDirectory /Users/runner/work/cfm-cheat/cfm-cheat/build/OBJROOT/ExplicitPrecompiledModules
    cd /Users/runner/work/cfm-cheat/cfm-cheat/CFMCheat.xcodeproj
    builtin-create-build-directory /Users/runner/work/cfm-cheat/cfm-cheat/build/OBJROOT/ExplicitPrecompiledModules

CreateBuildDirectory /Users/runner/work/cfm-cheat/cfm-cheat/build/OBJROOT/EagerLinkingTBDs/Release-iphoneos
    cd /Users/runner/work/cfm-cheat/cfm-cheat/CFMCheat.xcodeproj
    builtin-create-build-directory /Users/runner/work/cfm-cheat/cfm-cheat/build/OBJROOT/EagerLinkingTBDs/Release-iphoneos

WriteAuxiliaryFile /Users/runner/work/cfm-cheat/cfm-cheat/build/OBJROOT/CFMCheat.build/Release-iphoneos/CFMCheat.build/Objects-normal/arm64/e6072d4f65d7061329687fe24e3d63a7-common-args.resp (in target 'CFMCheat' from project 'CFMCheat')
    cd /Users/runner/work/cfm-cheat/cfm-cheat
    write-file /Users/runner/work/cfm-cheat/cfm-cheat/build/OBJROOT/CFMCheat.build/Release-iphoneos/CFMCheat.build/Objects-normal/arm64/e6072d4f65d7061329687fe24e3d63a7-common-args.resp
-fobjc-arc -fmodules -gmodules -fpascal-strings -Os '-DOBJC_OLD_DISPATCH_PROTOTYPES=1' -g '-fvisibility=hidden' -iquote /Users/runner/work/cfm-cheat/cfm-cheat/build/OBJROOT/CFMCheat.build/Release-iphoneos/CFMCheat.build/CFMCheat-generated-files.hmap -I/Users/runner/work/cfm-cheat/cfm-cheat/build/OBJROOT/CFMCheat.build/Release-iphoneos/CFMCheat.build/CFMCheat-own-target-headers.hmap -I/Users/runner/work/cfm-cheat/cfm-cheat/build/OBJROOT/CFMCheat.build/Release-iphoneos/CFMCheat.build/CFMCheat-all-target-headers.hmap -iquote /Users/runner/work/cfm-cheat/cfm-cheat/build/OBJROOT/CFMCheat.build/Release-iphoneos/CFMCheat.build/CFMCheat-project-headers.hmap -I/Users/runner/work/cfm-cheat/cfm-cheat/build/SYMROOT/Release-iphoneos/include -I/Users/runner/work/cfm-cheat/cfm-cheat/CFMCheat/libkfd -I/Users/runner/work/cfm-cheat/cfm-cheat/build/OBJROOT/CFMCheat.build/Release-iphoneos/CFMCheat.build/DerivedSources-normal/arm64 -I/Users/runner/work/cfm-cheat/cfm-cheat/build/OBJROOT/CFMCheat.build/Release-iphoneos/CFMCheat.build/DerivedSources/arm64 -I/Users/runner/work/cfm-cheat/cfm-cheat/build/OBJROOT/CFMCheat.build/Release-iphoneos/CFMCheat.build/DerivedSources -F/Users/runner/work/cfm-cheat/cfm-cheat/build/SYMROOT/Release-iphoneos

WriteAuxiliaryFile /Users/runner/work/cfm-cheat/cfm-cheat/build/OBJROOT/CFMCheat.build/Release-iphoneos/CFMCheat.build/Objects-normal/arm64/CFMCheat.LinkFileList (in target 'CFMCheat' from project 'CFMCheat')
    cd /Users/runner/work/cfm-cheat/cfm-cheat
    write-file /Users/runner/work/cfm-cheat/cfm-cheat/build/OBJROOT/CFMCheat.build/Release-iphoneos/CFMCheat.build/Objects-normal/arm64/CFMCheat.LinkFileList

WriteAuxiliaryFile /Users/runner/work/cfm-cheat/cfm-cheat/build/OBJROOT/CFMCheat.build/Release-iphoneos/CFMCheat.build/Objects-normal/arm64/7187679823f38a2a940e0043cdf9d637-common-args.resp (in target 'CFMCheat' from project 'CFMCheat')
    cd /Users/runner/work/cfm-cheat/cfm-cheat
    write-file /Users/runner/work/cfm-cheat/cfm-cheat/build/OBJROOT/CFMCheat.build/Release-iphoneos/CFMCheat.build/Objects-normal/arm64/7187679823f38a2a940e0043cdf9d637-common-args.resp
-fmodules -gmodules -fpascal-strings -Os -g '-fvisibility=hidden' -iquote /Users/runner/work/cfm-cheat/cfm-cheat/build/OBJROOT/CFMCheat.build/Release-iphoneos/CFMCheat.build/CFMCheat-generated-files.hmap -I/Users/runner/work/cfm-cheat/cfm-cheat/build/OBJROOT/CFMCheat.build/Release-iphoneos/CFMCheat.build/CFMCheat-own-target-headers.hmap -I/Users/runner/work/cfm-cheat/cfm-cheat/build/OBJROOT/CFMCheat.build/Release-iphoneos/CFMCheat.build/CFMCheat-all-target-headers.hmap -iquote /Users/runner/work/cfm-cheat/cfm-cheat/build/OBJROOT/CFMCheat.build/Release-iphoneos/CFMCheat.build/CFMCheat-project-headers.hmap -I/Users/runner/work/cfm-cheat/cfm-cheat/build/SYMROOT/Release-iphoneos/include -I/Users/runner/work/cfm-cheat/cfm-cheat/CFMCheat/libkfd -I/Users/runner/work/cfm-cheat/cfm-cheat/build/OBJROOT/CFMCheat.build/Release-iphoneos/CFMCheat.build/DerivedSources-normal/arm64 -I/Users/runner/work/cfm-cheat/cfm-cheat/build/OBJROOT/CFMCheat.build/Release-iphoneos/CFMCheat.build/DerivedSources/arm64 -I/Users/runner/work/cfm-cheat/cfm-cheat/build/OBJROOT/CFMCheat.build/Release-iphoneos/CFMCheat.build/DerivedSources -F/Users/runner/work/cfm-cheat/cfm-cheat/build/SYMROOT/Release-iphoneos

WriteAuxiliaryFile /Users/runner/work/cfm-cheat/cfm-cheat/build/OBJROOT/CFMCheat.build/Release-iphoneos/CFMCheat.build/CFMCheat.hmap (in target 'CFMCheat' from project 'CFMCheat')
    cd /Users/runner/work/cfm-cheat/cfm-cheat
    write-file /Users/runner/work/cfm-cheat/cfm-cheat/build/OBJROOT/CFMCheat.build/Release-iphoneos/CFMCheat.build/CFMCheat.hmap

WriteAuxiliaryFile /Users/runner/work/cfm-cheat/cfm-cheat/build/OBJROOT/CFMCheat.build/Release-iphoneos/CFMCheat.build/CFMCheat.DependencyStaticMetadataFileList (in target 'CFMCheat' from project 'CFMCheat')
    cd /Users/runner/work/cfm-cheat/cfm-cheat
    write-file /Users/runner/work/cfm-cheat/cfm-cheat/build/OBJROOT/CFMCheat.build/Release-iphoneos/CFMCheat.build/CFMCheat.DependencyStaticMetadataFileList

WriteAuxiliaryFile /Users/runner/work/cfm-cheat/cfm-cheat/build/OBJROOT/CFMCheat.build/Release-iphoneos/CFMCheat.build/CFMCheat.DependencyMetadataFileList (in target 'CFMCheat' from project 'CFMCheat')
    cd /Users/runner/work/cfm-cheat/cfm-cheat
    write-file /Users/runner/work/cfm-cheat/cfm-cheat/build/OBJROOT/CFMCheat.build/Release-iphoneos/CFMCheat.build/CFMCheat.DependencyMetadataFileList

WriteAuxiliaryFile /Users/runner/work/cfm-cheat/cfm-cheat/build/OBJROOT/CFMCheat.build/Release-iphoneos/CFMCheat.build/CFMCheat-project-headers.hmap (in target 'CFMCheat' from project 'CFMCheat')
    cd /Users/runner/work/cfm-cheat/cfm-cheat
    write-file /Users/runner/work/cfm-cheat/cfm-cheat/build/OBJROOT/CFMCheat.build/Release-iphoneos/CFMCheat.build/CFMCheat-project-headers.hmap

WriteAuxiliaryFile /Users/runner/work/cfm-cheat/cfm-cheat/build/OBJROOT/CFMCheat.build/Release-iphoneos/CFMCheat.build/CFMCheat-own-target-headers.hmap (in target 'CFMCheat' from project 'CFMCheat')
    cd /Users/runner/work/cfm-cheat/cfm-cheat
    write-file /Users/runner/work/cfm-cheat/cfm-cheat/build/OBJROOT/CFMCheat.build/Release-iphoneos/CFMCheat.build/CFMCheat-own-target-headers.hmap

WriteAuxiliaryFile /Users/runner/work/cfm-cheat/cfm-cheat/build/OBJROOT/CFMCheat.build/Release-iphoneos/CFMCheat.build/CFMCheat-generated-files.hmap (in target 'CFMCheat' from project 'CFMCheat')
    cd /Users/runner/work/cfm-cheat/cfm-cheat
    write-file /Users/runner/work/cfm-cheat/cfm-cheat/build/OBJROOT/CFMCheat.build/Release-iphoneos/CFMCheat.build/CFMCheat-generated-files.hmap

WriteAuxiliaryFile /Users/runner/work/cfm-cheat/cfm-cheat/build/OBJROOT/CFMCheat.build/Release-iphoneos/CFMCheat.build/CFMCheat-all-target-headers.hmap (in target 'CFMCheat' from project 'CFMCheat')
    cd /Users/runner/work/cfm-cheat/cfm-cheat
    write-file /Users/runner/work/cfm-cheat/cfm-cheat/build/OBJROOT/CFMCheat.build/Release-iphoneos/CFMCheat.build/CFMCheat-all-target-headers.hmap

WriteAuxiliaryFile /Users/runner/work/cfm-cheat/cfm-cheat/build/OBJROOT/CFMCheat.build/Release-iphoneos/CFMCheat.build/CFMCheat-all-non-framework-target-headers.hmap (in target 'CFMCheat' from project 'CFMCheat')
    cd /Users/runner/work/cfm-cheat/cfm-cheat
    write-file /Users/runner/work/cfm-cheat/cfm-cheat/build/OBJROOT/CFMCheat.build/Release-iphoneos/CFMCheat.build/CFMCheat-all-non-framework-target-headers.hmap

MkDir /Users/runner/work/cfm-cheat/cfm-cheat/build/SYMROOT/Release-iphoneos/CFMCheat.app (in target 'CFMCheat' from project 'CFMCheat')
    cd /Users/runner/work/cfm-cheat/cfm-cheat
    /bin/mkdir -p /Users/runner/work/cfm-cheat/cfm-cheat/build/SYMROOT/Release-iphoneos/CFMCheat.app

ProcessInfoPlistFile /Users/runner/work/cfm-cheat/cfm-cheat/build/SYMROOT/Release-iphoneos/CFMCheat.app/Info.plist /Users/runner/work/cfm-cheat/cfm-cheat/CFMCheat/Info.plist (in target 'CFMCheat' from project 'CFMCheat')
    cd /Users/runner/work/cfm-cheat/cfm-cheat
    builtin-infoPlistUtility /Users/runner/work/cfm-cheat/cfm-cheat/CFMCheat/Info.plist -producttype com.apple.product-type.application -genpkginfo /Users/runner/work/cfm-cheat/cfm-cheat/build/SYMROOT/Release-iphoneos/CFMCheat.app/PkgInfo -expandbuildsettings -format binary -platform iphoneos -requiredArchitecture arm64 -o /Users/runner/work/cfm-cheat/cfm-cheat/build/SYMROOT/Release-iphoneos/CFMCheat.app/Info.plist

ScanDependencies /Users/runner/work/cfm-cheat/cfm-cheat/build/OBJROOT/CFMCheat.build/Release-iphoneos/CFMCheat.build/Objects-normal/arm64/main.o /Users/runner/work/cfm-cheat/cfm-cheat/CFMCheat/main.m normal arm64 objective-c com.apple.compilers.llvm.clang.1_0.compiler (in target 'CFMCheat' from project 'CFMCheat')
    cd /Users/runner/work/cfm-cheat/cfm-cheat
    
    Using response file: /Users/runner/work/cfm-cheat/cfm-cheat/build/OBJROOT/CFMCheat.build/Release-iphoneos/CFMCheat.build/Objects-normal/arm64/e6072d4f65d7061329687fe24e3d63a7-common-args.resp
    
    builtin-ScanDependencies -o /Users/runner/work/cfm-cheat/cfm-cheat/build/OBJROOT/CFMCheat.build/Release-iphoneos/CFMCheat.build/Objects-normal/arm64/main.o.scan -- /Applications/Xcode_26.6.app/Contents/Developer/Toolchains/XcodeDefault.xctoolchain/usr/bin/clang -x objective-c -ivfsstatcache /var/folders/36/tjdph2t965j8snz9_vkdnw0r0000gn/C/com.apple.DeveloperTools/26.6-17F113/Xcode/SDKStatCaches.noindex/iphoneos26.5-23F81a-688ef53f1462e2c8f657fdc38a81448fee66e23052a0157c865c76b268046726.sdkstatcache -target arm64-apple-ios12.0 -fmessage-length\=0 -fdiagnostics-show-note-include-stack -fmacro-backtrace-limit\=0 -fno-color-diagnostics -fmodules-prune-interval\=86400 -fmodules-prune-after\=345600 -fbuild-session-file\=/var/folders/36/tjdph2t965j8snz9_vkdnw0r0000gn/C/org.llvm.clang/ModuleCache.noindex/Session.modulevalidation -fmodules-validate-once-per-build-session -Wnon-modular-include-in-framework-module -Werror\=non-modular-include-in-framework-module -Wno-trigraphs -Wno-missing-field-initializers -Wno-missing-prototypes -Wno-return-type -Wno-implicit-atomic-properties -Wno-objc-interface-ivars -Wno-arc-repeated-use-of-weak -Wno-missing-braces -Wparentheses -Wswitch -Wno-unused-function -Wno-unused-label -Wno-unused-parameter -Wno-unused-variable -Wunused-value -Wno-empty-body -Wno-uninitialized -Wno-unknown-pragmas -Wno-shadow -Wno-four-char-constants -Wno-conversion -Wno-constant-conversion -Wno-int-conversion -Wno-bool-conversion -Wno-enum-conversion -Wno-float-conversion -Wno-non-literal-null-conversion -Wno-objc-literal-conversion -Wshorten-64-to-32 -Wpointer-sign -Wno-newline-eof -Wno-selector -Wno-strict-selector-match -Wno-undeclared-selector -Wno-deprecated-implementations -Wno-implicit-fallthrough -isysroot /Applications/Xcode_26.6.app/Contents/Developer/Platforms/iPhoneOS.platform/Developer/SDKs/iPhoneOS26.5.sdk -fstrict-aliasing -Wprotocol -Wdeprecated-declarations -Wno-sign-conversion -Wno-infinite-recursion -Wno-comma -Wno-block-capture-autoreleasing -Wno-strict-prototypes -Wno-semicolon-before-method-body @/Users/runner/work/cfm-cheat/cfm-cheat/build/OBJROOT/CFMCheat.build/Release-iphoneos/CFMCheat.build/Objects-normal/arm64/e6072d4f65d7061329687fe24e3d63a7-common-args.resp -MMD -MT dependencies -MF /Users/runner/work/cfm-cheat/cfm-cheat/build/OBJROOT/CFMCheat.build/Release-iphoneos/CFMCheat.build/Objects-normal/arm64/main.d --serialize-diagnostics /Users/runner/work/cfm-cheat/cfm-cheat/build/OBJROOT/CFMCheat.build/Release-iphoneos/CFMCheat.build/Objects-normal/arm64/main.dia -c /Users/runner/work/cfm-cheat/cfm-cheat/CFMCheat/main.m -o /Users/runner/work/cfm-cheat/cfm-cheat/build/OBJROOT/CFMCheat.build/Release-iphoneos/CFMCheat.build/Objects-normal/arm64/main.o

ScanDependencies /Users/runner/work/cfm-cheat/cfm-cheat/build/OBJROOT/CFMCheat.build/Release-iphoneos/CFMCheat.build/Objects-normal/arm64/kfd_shim.o /Users/runner/work/cfm-cheat/cfm-cheat/CFMCheat/kfd_shim.c normal arm64 c com.apple.compilers.llvm.clang.1_0.compiler (in target 'CFMCheat' from project 'CFMCheat')
    cd /Users/runner/work/cfm-cheat/cfm-cheat
    
    Using response file: /Users/runner/work/cfm-cheat/cfm-cheat/build/OBJROOT/CFMCheat.build/Release-iphoneos/CFMCheat.build/Objects-normal/arm64/7187679823f38a2a940e0043cdf9d637-common-args.resp
    
    builtin-ScanDependencies -o /Users/runner/work/cfm-cheat/cfm-cheat/build/OBJROOT/CFMCheat.build/Release-iphoneos/CFMCheat.build/Objects-normal/arm64/kfd_shim.o.scan -- /Applications/Xcode_26.6.app/Contents/Developer/Toolchains/XcodeDefault.xctoolchain/usr/bin/clang -x c -ivfsstatcache /var/folders/36/tjdph2t965j8snz9_vkdnw0r0000gn/C/com.apple.DeveloperTools/26.6-17F113/Xcode/SDKStatCaches.noindex/iphoneos26.5-23F81a-688ef53f1462e2c8f657fdc38a81448fee66e23052a0157c865c76b268046726.sdkstatcache -target arm64-apple-ios12.0 -fmessage-length\=0 -fdiagnostics-show-note-include-stack -fmacro-backtrace-limit\=0 -fno-color-diagnostics -fmodules-prune-interval\=86400 -fmodules-prune-after\=345600 -fbuild-session-file\=/var/folders/36/tjdph2t965j8snz9_vkdnw0r0000gn/C/org.llvm.clang/ModuleCache.noindex/Session.modulevalidation -fmodules-validate-once-per-build-session -Wnon-modular-include-in-framework-module -Werror\=non-modular-include-in-framework-module -Wno-trigraphs -Wno-missing-field-initializers -Wno-missing-prototypes -Wno-return-type -Wno-missing-braces -Wparentheses -Wswitch -Wno-unused-function -Wno-unused-label -Wno-unused-parameter -Wno-unused-variable -Wunused-value -Wno-empty-body -Wno-uninitialized -Wno-unknown-pragmas -Wno-shadow -Wno-four-char-constants -Wno-conversion -Wno-constant-conversion -Wno-int-conversion -Wno-bool-conversion -Wno-enum-conversion -Wno-float-conversion -Wno-non-literal-null-conversion -Wno-objc-literal-conversion -Wshorten-64-to-32 -Wpointer-sign -Wno-newline-eof -Wno-implicit-fallthrough -isysroot /Applications/Xcode_26.6.app/Contents/Developer/Platforms/iPhoneOS.platform/Developer/SDKs/iPhoneOS26.5.sdk -fstrict-aliasing -Wdeprecated-declarations -Wno-sign-conversion -Wno-infinite-recursion -Wno-comma -Wno-block-capture-autoreleasing -Wno-strict-prototypes -Wno-semicolon-before-method-body @/Users/runner/work/cfm-cheat/cfm-cheat/build/OBJROOT/CFMCheat.build/Release-iphoneos/CFMCheat.build/Objects-normal/arm64/7187679823f38a2a940e0043cdf9d637-common-args.resp -MMD -MT dependencies -MF /Users/runner/work/cfm-cheat/cfm-cheat/build/OBJROOT/CFMCheat.build/Release-iphoneos/CFMCheat.build/Objects-normal/arm64/kfd_shim.d --serialize-diagnostics /Users/runner/work/cfm-cheat/cfm-cheat/build/OBJROOT/CFMCheat.build/Release-iphoneos/CFMCheat.build/Objects-normal/arm64/kfd_shim.dia -c /Users/runner/work/cfm-cheat/cfm-cheat/CFMCheat/kfd_shim.c -o /Users/runner/work/cfm-cheat/cfm-cheat/build/OBJROOT/CFMCheat.build/Release-iphoneos/CFMCheat.build/Objects-normal/arm64/kfd_shim.o
/Users/runner/work/cfm-cheat/cfm-cheat/CFMCheat/kfd_shim.c:9:10: error: 'libkfd.h' file not found (in target 'CFMCheat' from project 'CFMCheat')

ScanDependencies /Users/runner/work/cfm-cheat/cfm-cheat/build/OBJROOT/CFMCheat.build/Release-iphoneos/CFMCheat.build/Objects-normal/arm64/ViewController.o /Users/runner/work/cfm-cheat/cfm-cheat/CFMCheat/ViewController.m normal arm64 objective-c com.apple.compilers.llvm.clang.1_0.compiler (in target 'CFMCheat' from project 'CFMCheat')
    cd /Users/runner/work/cfm-cheat/cfm-cheat
    
    Using response file: /Users/runner/work/cfm-cheat/cfm-cheat/build/OBJROOT/CFMCheat.build/Release-iphoneos/CFMCheat.build/Objects-normal/arm64/e6072d4f65d7061329687fe24e3d63a7-common-args.resp
    
    builtin-ScanDependencies -o /Users/runner/work/cfm-cheat/cfm-cheat/build/OBJROOT/CFMCheat.build/Release-iphoneos/CFMCheat.build/Objects-normal/arm64/ViewController.o.scan -- /Applications/Xcode_26.6.app/Contents/Developer/Toolchains/XcodeDefault.xctoolchain/usr/bin/clang -x objective-c -ivfsstatcache /var/folders/36/tjdph2t965j8snz9_vkdnw0r0000gn/C/com.apple.DeveloperTools/26.6-17F113/Xcode/SDKStatCaches.noindex/iphoneos26.5-23F81a-688ef53f1462e2c8f657fdc38a81448fee66e23052a0157c865c76b268046726.sdkstatcache -target arm64-apple-ios12.0 -fmessage-length\=0 -fdiagnostics-show-note-include-stack -fmacro-backtrace-limit\=0 -fno-color-diagnostics -fmodules-prune-interval\=86400 -fmodules-prune-after\=345600 -fbuild-session-file\=/var/folders/36/tjdph2t965j8snz9_vkdnw0r0000gn/C/org.llvm.clang/ModuleCache.noindex/Session.modulevalidation -fmodules-validate-once-per-build-session -Wnon-modular-include-in-framework-module -Werror\=non-modular-include-in-framework-module -Wno-trigraphs -Wno-missing-field-initializers -Wno-missing-prototypes -Wno-return-type -Wno-implicit-atomic-properties -Wno-objc-interface-ivars -Wno-arc-repeated-use-of-weak -Wno-missing-braces -Wparentheses -Wswitch -Wno-unused-function -Wno-unused-label -Wno-unused-parameter -Wno-unused-variable -Wunused-value -Wno-empty-body -Wno-uninitialized -Wno-unknown-pragmas -Wno-shadow -Wno-four-char-constants -Wno-conversion -Wno-constant-conversion -Wno-int-conversion -Wno-bool-conversion -Wno-enum-conversion -Wno-float-conversion -Wno-non-literal-null-conversion -Wno-objc-literal-conversion -Wshorten-64-to-32 -Wpointer-sign -Wno-newline-eof -Wno-selector -Wno-strict-selector-match -Wno-undeclared-selector -Wno-deprecated-implementations -Wno-implicit-fallthrough -isysroot /Applications/Xcode_26.6.app/Contents/Developer/Platforms/iPhoneOS.platform/Developer/SDKs/iPhoneOS26.5.sdk -fstrict-aliasing -Wprotocol -Wdeprecated-declarations -Wno-sign-conversion -Wno-infinite-recursion -Wno-comma -Wno-block-capture-autoreleasing -Wno-strict-prototypes -Wno-semicolon-before-method-body @/Users/runner/work/cfm-cheat/cfm-cheat/build/OBJROOT/CFMCheat.build/Release-iphoneos/CFMCheat.build/Objects-normal/arm64/e6072d4f65d7061329687fe24e3d63a7-common-args.resp -MMD -MT dependencies -MF /Users/runner/work/cfm-cheat/cfm-cheat/build/OBJROOT/CFMCheat.build/Release-iphoneos/CFMCheat.build/Objects-normal/arm64/ViewController.d --serialize-diagnostics /Users/runner/work/cfm-cheat/cfm-cheat/build/OBJROOT/CFMCheat.build/Release-iphoneos/CFMCheat.build/Objects-normal/arm64/ViewController.dia -c /Users/runner/work/cfm-cheat/cfm-cheat/CFMCheat/ViewController.m -o /Users/runner/work/cfm-cheat/cfm-cheat/build/OBJROOT/CFMCheat.build/Release-iphoneos/CFMCheat.build/Objects-normal/arm64/ViewController.o

ScanDependencies /Users/runner/work/cfm-cheat/cfm-cheat/build/OBJROOT/CFMCheat.build/Release-iphoneos/CFMCheat.build/Objects-normal/arm64/RootHelper.o /Users/runner/work/cfm-cheat/cfm-cheat/CFMCheat/RootHelper.m normal arm64 objective-c com.apple.compilers.llvm.clang.1_0.compiler (in target 'CFMCheat' from project 'CFMCheat')
    cd /Users/runner/work/cfm-cheat/cfm-cheat
    
    Using response file: /Users/runner/work/cfm-cheat/cfm-cheat/build/OBJROOT/CFMCheat.build/Release-iphoneos/CFMCheat.build/Objects-normal/arm64/e6072d4f65d7061329687fe24e3d63a7-common-args.resp
    
    builtin-ScanDependencies -o /Users/runner/work/cfm-cheat/cfm-cheat/build/OBJROOT/CFMCheat.build/Release-iphoneos/CFMCheat.build/Objects-normal/arm64/RootHelper.o.scan -- /Applications/Xcode_26.6.app/Contents/Developer/Toolchains/XcodeDefault.xctoolchain/usr/bin/clang -x objective-c -ivfsstatcache /var/folders/36/tjdph2t965j8snz9_vkdnw0r0000gn/C/com.apple.DeveloperTools/26.6-17F113/Xcode/SDKStatCaches.noindex/iphoneos26.5-23F81a-688ef53f1462e2c8f657fdc38a81448fee66e23052a0157c865c76b268046726.sdkstatcache -target arm64-apple-ios12.0 -fmessage-length\=0 -fdiagnostics-show-note-include-stack -fmacro-backtrace-limit\=0 -fno-color-diagnostics -fmodules-prune-interval\=86400 -fmodules-prune-after\=345600 -fbuild-session-file\=/var/folders/36/tjdph2t965j8snz9_vkdnw0r0000gn/C/org.llvm.clang/ModuleCache.noindex/Session.modulevalidation -fmodules-validate-once-per-build-session -Wnon-modular-include-in-framework-module -Werror\=non-modular-include-in-framework-module -Wno-trigraphs -Wno-missing-field-initializers -Wno-missing-prototypes -Wno-return-type -Wno-implicit-atomic-properties -Wno-objc-interface-ivars -Wno-arc-repeated-use-of-weak -Wno-missing-braces -Wparentheses -Wswitch -Wno-unused-function -Wno-unused-label -Wno-unused-parameter -Wno-unused-variable -Wunused-value -Wno-empty-body -Wno-uninitialized -Wno-unknown-pragmas -Wno-shadow -Wno-four-char-constants -Wno-conversion -Wno-constant-conversion -Wno-int-conversion -Wno-bool-conversion -Wno-enum-conversion -Wno-float-conversion -Wno-non-literal-null-conversion -Wno-objc-literal-conversion -Wshorten-64-to-32 -Wpointer-sign -Wno-newline-eof -Wno-selector -Wno-strict-selector-match -Wno-undeclared-selector -Wno-deprecated-implementations -Wno-implicit-fallthrough -isysroot /Applications/Xcode_26.6.app/Contents/Developer/Platforms/iPhoneOS.platform/Developer/SDKs/iPhoneOS26.5.sdk -fstrict-aliasing -Wprotocol -Wdeprecated-declarations -Wno-sign-conversion -Wno-infinite-recursion -Wno-comma -Wno-block-capture-autoreleasing -Wno-strict-prototypes -Wno-semicolon-before-method-body @/Users/runner/work/cfm-cheat/cfm-cheat/build/OBJROOT/CFMCheat.build/Release-iphoneos/CFMCheat.build/Objects-normal/arm64/e6072d4f65d7061329687fe24e3d63a7-common-args.resp -MMD -MT dependencies -MF /Users/runner/work/cfm-cheat/cfm-cheat/build/OBJROOT/CFMCheat.build/Release-iphoneos/CFMCheat.build/Objects-normal/arm64/RootHelper.d --serialize-diagnostics /Users/runner/work/cfm-cheat/cfm-cheat/build/OBJROOT/CFMCheat.build/Release-iphoneos/CFMCheat.build/Objects-normal/arm64/RootHelper.dia -c /Users/runner/work/cfm-cheat/cfm-cheat/CFMCheat/RootHelper.m -o /Users/runner/work/cfm-cheat/cfm-cheat/build/OBJROOT/CFMCheat.build/Release-iphoneos/CFMCheat.build/Objects-normal/arm64/RootHelper.o

** BUILD FAILED **


The following build commands failed:
	ScanDependencies /Users/runner/work/cfm-cheat/cfm-cheat/build/OBJROOT/CFMCheat.build/Release-iphoneos/CFMCheat.build/Objects-normal/arm64/kfd_shim.o /Users/runner/work/cfm-cheat/cfm-cheat/CFMCheat/kfd_shim.c normal arm64 c com.apple.compilers.llvm.clang.1_0.compiler (in target 'CFMCheat' from project 'CFMCheat')
(1 failure)
