Command line invocation:
    /Applications/Xcode_26.6.app/Contents/Developer/usr/bin/xcodebuild -project CFMCheat.xcodeproj -target CFMCheat -configuration Release -sdk iphoneos -arch arm64 CODE_SIGNING_ALLOWED=NO CODE_SIGNING_REQUIRED=NO CODE_SIGN_IDENTITY= HEADER_SEARCH_PATHS=/Users/runner/work/cfm-cheat/cfm-cheat/CFMCheat/libkfd SYMROOT=/Users/runner/work/cfm-cheat/cfm-cheat/build/SYMROOT OBJROOT=/Users/runner/work/cfm-cheat/cfm-cheat/build/OBJROOT build

Build settings from command line:
    ARCHS = arm64
    CODE_SIGN_IDENTITY = 
    CODE_SIGNING_ALLOWED = NO
    CODE_SIGNING_REQUIRED = NO
    HEADER_SEARCH_PATHS = /Users/runner/work/cfm-cheat/cfm-cheat/CFMCheat/libkfd
    OBJROOT = /Users/runner/work/cfm-cheat/cfm-cheat/build/OBJROOT
    SDKROOT = iphoneos26.5
    SYMROOT = /Users/runner/work/cfm-cheat/cfm-cheat/build/SYMROOT

note: Using codesigning identity override: 
ComputePackagePrebuildTargetDependencyGraph

Prepare packages

CreateBuildRequest

SendProjectDescription

CreateBuildOperation

ComputeTargetDependencyGraph
note: Building targets in dependency order
note: Target dependency graph (1 target)
    Target 'CFMCheat' in project 'CFMCheat' (no dependencies)

GatherProvisioningInputs

CreateBuildDescription

ExecuteExternalTool /Applications/Xcode_26.6.app/Contents/Developer/Toolchains/XcodeDefault.xctoolchain/usr/bin/clang -v -E -dM -arch arm64 -isysroot /Applications/Xcode_26.6.app/Contents/Developer/Platforms/iPhoneOS.platform/Developer/SDKs/iPhoneOS26.5.sdk -x objective-c -c /dev/null

ExecuteExternalTool /Applications/Xcode_26.6.app/Contents/Developer/Toolchains/XcodeDefault.xctoolchain/usr/bin/clang -v -E -dM -isysroot /Applications/Xcode_26.6.app/Contents/Developer/Platforms/iPhoneOS.platform/Developer/SDKs/iPhoneOS26.5.sdk -x c -c /dev/null

ExecuteExternalTool /Applications/Xcode_26.6.app/Contents/Developer/Toolchains/XcodeDefault.xctoolchain/usr/bin/clang -v -E -dM -arch arm64 -isysroot /Applications/Xcode_26.6.app/Contents/Developer/Platforms/iPhoneOS.platform/Developer/SDKs/iPhoneOS26.5.sdk -x c -c /dev/null

ExecuteExternalTool /Applications/Xcode_26.6.app/Contents/Developer/Toolchains/XcodeDefault.xctoolchain/usr/bin/ld -version_details

Build description signature: c9bee2380bfa7a4e8a1806ea9955b4bf
Build description path: /Users/runner/work/cfm-cheat/cfm-cheat/build/OBJROOT/XCBuildData/c9bee2380bfa7a4e8a1806ea9955b4bf.xcbuilddata
CreateBuildDirectory /Users/runner/work/cfm-cheat/cfm-cheat/build/SYMROOT
    cd /Users/runner/work/cfm-cheat/cfm-cheat/CFMCheat.xcodeproj
    builtin-create-build-directory /Users/runner/work/cfm-cheat/cfm-cheat/build/SYMROOT

CreateBuildDirectory /Users/runner/work/cfm-cheat/cfm-cheat/build/OBJROOT
    cd /Users/runner/work/cfm-cheat/cfm-cheat/CFMCheat.xcodeproj
    builtin-create-build-directory /Users/runner/work/cfm-cheat/cfm-cheat/build/OBJROOT

ClangStatCache /Applications/Xcode_26.6.app/Contents/Developer/Toolchains/XcodeDefault.xctoolchain/usr/bin/clang-stat-cache /Applications/Xcode_26.6.app/Contents/Developer/Platforms/iPhoneOS.platform/Developer/SDKs/iPhoneOS26.5.sdk /var/folders/d8/hvxvltxn0fl4rmnd52sncbth0000gn/C/com.apple.DeveloperTools/26.6-17F113/Xcode/SDKStatCaches.noindex/iphoneos26.5-23F81a-688ef53f1462e2c8f657fdc38a81448fee66e23052a0157c865c76b268046726.sdkstatcache
    cd /Users/runner/work/cfm-cheat/cfm-cheat/CFMCheat.xcodeproj
    /Applications/Xcode_26.6.app/Contents/Developer/Toolchains/XcodeDefault.xctoolchain/usr/bin/clang-stat-cache /Applications/Xcode_26.6.app/Contents/Developer/Platforms/iPhoneOS.platform/Developer/SDKs/iPhoneOS26.5.sdk -o /var/folders/d8/hvxvltxn0fl4rmnd52sncbth0000gn/C/com.apple.DeveloperTools/26.6-17F113/Xcode/SDKStatCaches.noindex/iphoneos26.5-23F81a-688ef53f1462e2c8f657fdc38a81448fee66e23052a0157c865c76b268046726.sdkstatcache

WriteAuxiliaryFile /Users/runner/work/cfm-cheat/cfm-cheat/build/OBJROOT/CFMCheat.build/Release-iphoneos/CFMCheat-b27e90dc79ba55a75cbc77795356632e-VFS-iphoneos/all-product-headers.yaml
    cd /Users/runner/work/cfm-cheat/cfm-cheat/CFMCheat.xcodeproj
    write-file /Users/runner/work/cfm-cheat/cfm-cheat/build/OBJROOT/CFMCheat.build/Release-iphoneos/CFMCheat-b27e90dc79ba55a75cbc77795356632e-VFS-iphoneos/all-product-headers.yaml

CreateBuildDirectory /Users/runner/work/cfm-cheat/cfm-cheat/build/OBJROOT/SwiftExplicitPrecompiledModules
    cd /Users/runner/work/cfm-cheat/cfm-cheat/CFMCheat.xcodeproj
    builtin-create-build-directory /Users/runner/work/cfm-cheat/cfm-cheat/build/OBJROOT/SwiftExplicitPrecompiledModules

CreateBuildDirectory /Users/runner/work/cfm-cheat/cfm-cheat/build/SYMROOT/Release-iphoneos
    cd /Users/runner/work/cfm-cheat/cfm-cheat/CFMCheat.xcodeproj
    builtin-create-build-directory /Users/runner/work/cfm-cheat/cfm-cheat/build/SYMROOT/Release-iphoneos

CreateBuildDirectory /Users/runner/work/cfm-cheat/cfm-cheat/build/OBJROOT/ExplicitPrecompiledModules
    cd /Users/runner/work/cfm-cheat/cfm-cheat/CFMCheat.xcodeproj
    builtin-create-build-directory /Users/runner/work/cfm-cheat/cfm-cheat/build/OBJROOT/ExplicitPrecompiledModules

CreateBuildDirectory /Users/runner/work/cfm-cheat/cfm-cheat/build/OBJROOT/EagerLinkingTBDs/Release-iphoneos
    cd /Users/runner/work/cfm-cheat/cfm-cheat/CFMCheat.xcodeproj
    builtin-create-build-directory /Users/runner/work/cfm-cheat/cfm-cheat/build/OBJROOT/EagerLinkingTBDs/Release-iphoneos

WriteAuxiliaryFile /Users/runner/work/cfm-cheat/cfm-cheat/build/OBJROOT/CFMCheat.build/Release-iphoneos/CFMCheat.build/Objects-normal/arm64/e6072d4f65d7061329687fe24e3d63a7-common-args.resp (in target 'CFMCheat' from project 'CFMCheat')
    cd /Users/runner/work/cfm-cheat/cfm-cheat
    write-file /Users/runner/work/cfm-cheat/cfm-cheat/build/OBJROOT/CFMCheat.build/Release-iphoneos/CFMCheat.build/Objects-normal/arm64/e6072d4f65d7061329687fe24e3d63a7-common-args.resp
-fobjc-arc -fmodules -gmodules -fpascal-strings -Os '-DOBJC_OLD_DISPATCH_PROTOTYPES=1' -g '-fvisibility=hidden' -iquote /Users/runner/work/cfm-cheat/cfm-cheat/build/OBJROOT/CFMCheat.build/Release-iphoneos/CFMCheat.build/CFMCheat-generated-files.hmap -I/Users/runner/work/cfm-cheat/cfm-cheat/build/OBJROOT/CFMCheat.build/Release-iphoneos/CFMCheat.build/CFMCheat-own-target-headers.hmap -I/Users/runner/work/cfm-cheat/cfm-cheat/build/OBJROOT/CFMCheat.build/Release-iphoneos/CFMCheat.build/CFMCheat-all-target-headers.hmap -iquote /Users/runner/work/cfm-cheat/cfm-cheat/build/OBJROOT/CFMCheat.build/Release-iphoneos/CFMCheat.build/CFMCheat-project-headers.hmap -I/Users/runner/work/cfm-cheat/cfm-cheat/build/SYMROOT/Release-iphoneos/include -I/Users/runner/work/cfm-cheat/cfm-cheat/CFMCheat/libkfd -I/Users/runner/work/cfm-cheat/cfm-cheat/build/OBJROOT/CFMCheat.build/Release-iphoneos/CFMCheat.build/DerivedSources-normal/arm64 -I/Users/runner/work/cfm-cheat/cfm-cheat/build/OBJROOT/CFMCheat.build/Release-iphoneos/CFMCheat.build/DerivedSources/arm64 -I/Users/runner/work/cfm-cheat/cfm-cheat/build/OBJROOT/CFMCheat.build/Release-iphoneos/CFMCheat.build/DerivedSources -F/Users/runner/work/cfm-cheat/cfm-cheat/build/SYMROOT/Release-iphoneos

WriteAuxiliaryFile /Users/runner/work/cfm-cheat/cfm-cheat/build/OBJROOT/CFMCheat.build/Release-iphoneos/CFMCheat.build/Objects-normal/arm64/CFMCheat.LinkFileList (in target 'CFMCheat' from project 'CFMCheat')
    cd /Users/runner/work/cfm-cheat/cfm-cheat
    write-file /Users/runner/work/cfm-cheat/cfm-cheat/build/OBJROOT/CFMCheat.build/Release-iphoneos/CFMCheat.build/Objects-normal/arm64/CFMCheat.LinkFileList

WriteAuxiliaryFile /Users/runner/work/cfm-cheat/cfm-cheat/build/OBJROOT/CFMCheat.build/Release-iphoneos/CFMCheat.build/CFMCheat.hmap (in target 'CFMCheat' from project 'CFMCheat')
    cd /Users/runner/work/cfm-cheat/cfm-cheat
    write-file /Users/runner/work/cfm-cheat/cfm-cheat/build/OBJROOT/CFMCheat.build/Release-iphoneos/CFMCheat.build/CFMCheat.hmap

WriteAuxiliaryFile /Users/runner/work/cfm-cheat/cfm-cheat/build/OBJROOT/CFMCheat.build/Release-iphoneos/CFMCheat.build/CFMCheat.DependencyStaticMetadataFileList (in target 'CFMCheat' from project 'CFMCheat')
    cd /Users/runner/work/cfm-cheat/cfm-cheat
    write-file /Users/runner/work/cfm-cheat/cfm-cheat/build/OBJROOT/CFMCheat.build/Release-iphoneos/CFMCheat.build/CFMCheat.DependencyStaticMetadataFileList

WriteAuxiliaryFile /Users/runner/work/cfm-cheat/cfm-cheat/build/OBJROOT/CFMCheat.build/Release-iphoneos/CFMCheat.build/CFMCheat.DependencyMetadataFileList (in target 'CFMCheat' from project 'CFMCheat')
    cd /Users/runner/work/cfm-cheat/cfm-cheat
    write-file /Users/runner/work/cfm-cheat/cfm-cheat/build/OBJROOT/CFMCheat.build/Release-iphoneos/CFMCheat.build/CFMCheat.DependencyMetadataFileList

WriteAuxiliaryFile /Users/runner/work/cfm-cheat/cfm-cheat/build/OBJROOT/CFMCheat.build/Release-iphoneos/CFMCheat.build/CFMCheat-project-headers.hmap (in target 'CFMCheat' from project 'CFMCheat')
    cd /Users/runner/work/cfm-cheat/cfm-cheat
    write-file /Users/runner/work/cfm-cheat/cfm-cheat/build/OBJROOT/CFMCheat.build/Release-iphoneos/CFMCheat.build/CFMCheat-project-headers.hmap

WriteAuxiliaryFile /Users/runner/work/cfm-cheat/cfm-cheat/build/OBJROOT/CFMCheat.build/Release-iphoneos/CFMCheat.build/CFMCheat-own-target-headers.hmap (in target 'CFMCheat' from project 'CFMCheat')
    cd /Users/runner/work/cfm-cheat/cfm-cheat
    write-file /Users/runner/work/cfm-cheat/cfm-cheat/build/OBJROOT/CFMCheat.build/Release-iphoneos/CFMCheat.build/CFMCheat-own-target-headers.hmap

WriteAuxiliaryFile /Users/runner/work/cfm-cheat/cfm-cheat/build/OBJROOT/CFMCheat.build/Release-iphoneos/CFMCheat.build/CFMCheat-generated-files.hmap (in target 'CFMCheat' from project 'CFMCheat')
    cd /Users/runner/work/cfm-cheat/cfm-cheat
    write-file /Users/runner/work/cfm-cheat/cfm-cheat/build/OBJROOT/CFMCheat.build/Release-iphoneos/CFMCheat.build/CFMCheat-generated-files.hmap

WriteAuxiliaryFile /Users/runner/work/cfm-cheat/cfm-cheat/build/OBJROOT/CFMCheat.build/Release-iphoneos/CFMCheat.build/CFMCheat-all-target-headers.hmap (in target 'CFMCheat' from project 'CFMCheat')
    cd /Users/runner/work/cfm-cheat/cfm-cheat
    write-file /Users/runner/work/cfm-cheat/cfm-cheat/build/OBJROOT/CFMCheat.build/Release-iphoneos/CFMCheat.build/CFMCheat-all-target-headers.hmap

WriteAuxiliaryFile /Users/runner/work/cfm-cheat/cfm-cheat/build/OBJROOT/CFMCheat.build/Release-iphoneos/CFMCheat.build/CFMCheat-all-non-framework-target-headers.hmap (in target 'CFMCheat' from project 'CFMCheat')
    cd /Users/runner/work/cfm-cheat/cfm-cheat
    write-file /Users/runner/work/cfm-cheat/cfm-cheat/build/OBJROOT/CFMCheat.build/Release-iphoneos/CFMCheat.build/CFMCheat-all-non-framework-target-headers.hmap

MkDir /Users/runner/work/cfm-cheat/cfm-cheat/build/SYMROOT/Release-iphoneos/CFMCheat.app (in target 'CFMCheat' from project 'CFMCheat')
    cd /Users/runner/work/cfm-cheat/cfm-cheat
    /bin/mkdir -p /Users/runner/work/cfm-cheat/cfm-cheat/build/SYMROOT/Release-iphoneos/CFMCheat.app

ProcessInfoPlistFile /Users/runner/work/cfm-cheat/cfm-cheat/build/SYMROOT/Release-iphoneos/CFMCheat.app/Info.plist /Users/runner/work/cfm-cheat/cfm-cheat/CFMCheat/Info.plist (in target 'CFMCheat' from project 'CFMCheat')
    cd /Users/runner/work/cfm-cheat/cfm-cheat
    builtin-infoPlistUtility /Users/runner/work/cfm-cheat/cfm-cheat/CFMCheat/Info.plist -producttype com.apple.product-type.application -genpkginfo /Users/runner/work/cfm-cheat/cfm-cheat/build/SYMROOT/Release-iphoneos/CFMCheat.app/PkgInfo -expandbuildsettings -format binary -platform iphoneos -requiredArchitecture arm64 -o /Users/runner/work/cfm-cheat/cfm-cheat/build/SYMROOT/Release-iphoneos/CFMCheat.app/Info.plist

ScanDependencies /Users/runner/work/cfm-cheat/cfm-cheat/build/OBJROOT/CFMCheat.build/Release-iphoneos/CFMCheat.build/Objects-normal/arm64/main.o /Users/runner/work/cfm-cheat/cfm-cheat/CFMCheat/main.m normal arm64 objective-c com.apple.compilers.llvm.clang.1_0.compiler (in target 'CFMCheat' from project 'CFMCheat')
    cd /Users/runner/work/cfm-cheat/cfm-cheat
    
    Using response file: /Users/runner/work/cfm-cheat/cfm-cheat/build/OBJROOT/CFMCheat.build/Release-iphoneos/CFMCheat.build/Objects-normal/arm64/e6072d4f65d7061329687fe24e3d63a7-common-args.resp
    
    builtin-ScanDependencies -o /Users/runner/work/cfm-cheat/cfm-cheat/build/OBJROOT/CFMCheat.build/Release-iphoneos/CFMCheat.build/Objects-normal/arm64/main.o.scan -- /Applications/Xcode_26.6.app/Contents/Developer/Toolchains/XcodeDefault.xctoolchain/usr/bin/clang -x objective-c -ivfsstatcache /var/folders/d8/hvxvltxn0fl4rmnd52sncbth0000gn/C/com.apple.DeveloperTools/26.6-17F113/Xcode/SDKStatCaches.noindex/iphoneos26.5-23F81a-688ef53f1462e2c8f657fdc38a81448fee66e23052a0157c865c76b268046726.sdkstatcache -target arm64-apple-ios12.0 -fmessage-length\=0 -fdiagnostics-show-note-include-stack -fmacro-backtrace-limit\=0 -fno-color-diagnostics -fmodules-prune-interval\=86400 -fmodules-prune-after\=345600 -fbuild-session-file\=/var/folders/d8/hvxvltxn0fl4rmnd52sncbth0000gn/C/org.llvm.clang/ModuleCache.noindex/Session.modulevalidation -fmodules-validate-once-per-build-session -Wnon-modular-include-in-framework-module -Werror\=non-modular-include-in-framework-module -Wno-trigraphs -Wno-missing-field-initializers -Wno-missing-prototypes -Wno-return-type -Wno-implicit-atomic-properties -Wno-objc-interface-ivars -Wno-arc-repeated-use-of-weak -Wno-missing-braces -Wparentheses -Wswitch -Wno-unused-function -Wno-unused-label -Wno-unused-parameter -Wno-unused-variable -Wunused-value -Wno-empty-body -Wno-uninitialized -Wno-unknown-pragmas -Wno-shadow -Wno-four-char-constants -Wno-conversion -Wno-constant-conversion -Wno-int-conversion -Wno-bool-conversion -Wno-enum-conversion -Wno-float-conversion -Wno-non-literal-null-conversion -Wno-objc-literal-conversion -Wshorten-64-to-32 -Wpointer-sign -Wno-newline-eof -Wno-selector -Wno-strict-selector-match -Wno-undeclared-selector -Wno-deprecated-implementations -Wno-implicit-fallthrough -isysroot /Applications/Xcode_26.6.app/Contents/Developer/Platforms/iPhoneOS.platform/Developer/SDKs/iPhoneOS26.5.sdk -fstrict-aliasing -Wprotocol -Wdeprecated-declarations -Wno-sign-conversion -Wno-infinite-recursion -Wno-comma -Wno-block-capture-autoreleasing -Wno-strict-prototypes -Wno-semicolon-before-method-body @/Users/runner/work/cfm-cheat/cfm-cheat/build/OBJROOT/CFMCheat.build/Release-iphoneos/CFMCheat.build/Objects-normal/arm64/e6072d4f65d7061329687fe24e3d63a7-common-args.resp -MMD -MT dependencies -MF /Users/runner/work/cfm-cheat/cfm-cheat/build/OBJROOT/CFMCheat.build/Release-iphoneos/CFMCheat.build/Objects-normal/arm64/main.d --serialize-diagnostics /Users/runner/work/cfm-cheat/cfm-cheat/build/OBJROOT/CFMCheat.build/Release-iphoneos/CFMCheat.build/Objects-normal/arm64/main.dia -c /Users/runner/work/cfm-cheat/cfm-cheat/CFMCheat/main.m -o /Users/runner/work/cfm-cheat/cfm-cheat/build/OBJROOT/CFMCheat.build/Release-iphoneos/CFMCheat.build/Objects-normal/arm64/main.o

ScanDependencies /Users/runner/work/cfm-cheat/cfm-cheat/build/OBJROOT/CFMCheat.build/Release-iphoneos/CFMCheat.build/Objects-normal/arm64/ViewController.o /Users/runner/work/cfm-cheat/cfm-cheat/CFMCheat/ViewController.m normal arm64 objective-c com.apple.compilers.llvm.clang.1_0.compiler (in target 'CFMCheat' from project 'CFMCheat')
    cd /Users/runner/work/cfm-cheat/cfm-cheat
    
    Using response file: /Users/runner/work/cfm-cheat/cfm-cheat/build/OBJROOT/CFMCheat.build/Release-iphoneos/CFMCheat.build/Objects-normal/arm64/e6072d4f65d7061329687fe24e3d63a7-common-args.resp
    
    builtin-ScanDependencies -o /Users/runner/work/cfm-cheat/cfm-cheat/build/OBJROOT/CFMCheat.build/Release-iphoneos/CFMCheat.build/Objects-normal/arm64/ViewController.o.scan -- /Applications/Xcode_26.6.app/Contents/Developer/Toolchains/XcodeDefault.xctoolchain/usr/bin/clang -x objective-c -ivfsstatcache /var/folders/d8/hvxvltxn0fl4rmnd52sncbth0000gn/C/com.apple.DeveloperTools/26.6-17F113/Xcode/SDKStatCaches.noindex/iphoneos26.5-23F81a-688ef53f1462e2c8f657fdc38a81448fee66e23052a0157c865c76b268046726.sdkstatcache -target arm64-apple-ios12.0 -fmessage-length\=0 -fdiagnostics-show-note-include-stack -fmacro-backtrace-limit\=0 -fno-color-diagnostics -fmodules-prune-interval\=86400 -fmodules-prune-after\=345600 -fbuild-session-file\=/var/folders/d8/hvxvltxn0fl4rmnd52sncbth0000gn/C/org.llvm.clang/ModuleCache.noindex/Session.modulevalidation -fmodules-validate-once-per-build-session -Wnon-modular-include-in-framework-module -Werror\=non-modular-include-in-framework-module -Wno-trigraphs -Wno-missing-field-initializers -Wno-missing-prototypes -Wno-return-type -Wno-implicit-atomic-properties -Wno-objc-interface-ivars -Wno-arc-repeated-use-of-weak -Wno-missing-braces -Wparentheses -Wswitch -Wno-unused-function -Wno-unused-label -Wno-unused-parameter -Wno-unused-variable -Wunused-value -Wno-empty-body -Wno-uninitialized -Wno-unknown-pragmas -Wno-shadow -Wno-four-char-constants -Wno-conversion -Wno-constant-conversion -Wno-int-conversion -Wno-bool-conversion -Wno-enum-conversion -Wno-float-conversion -Wno-non-literal-null-conversion -Wno-objc-literal-conversion -Wshorten-64-to-32 -Wpointer-sign -Wno-newline-eof -Wno-selector -Wno-strict-selector-match -Wno-undeclared-selector -Wno-deprecated-implementations -Wno-implicit-fallthrough -isysroot /Applications/Xcode_26.6.app/Contents/Developer/Platforms/iPhoneOS.platform/Developer/SDKs/iPhoneOS26.5.sdk -fstrict-aliasing -Wprotocol -Wdeprecated-declarations -Wno-sign-conversion -Wno-infinite-recursion -Wno-comma -Wno-block-capture-autoreleasing -Wno-strict-prototypes -Wno-semicolon-before-method-body @/Users/runner/work/cfm-cheat/cfm-cheat/build/OBJROOT/CFMCheat.build/Release-iphoneos/CFMCheat.build/Objects-normal/arm64/e6072d4f65d7061329687fe24e3d63a7-common-args.resp -MMD -MT dependencies -MF /Users/runner/work/cfm-cheat/cfm-cheat/build/OBJROOT/CFMCheat.build/Release-iphoneos/CFMCheat.build/Objects-normal/arm64/ViewController.d --serialize-diagnostics /Users/runner/work/cfm-cheat/cfm-cheat/build/OBJROOT/CFMCheat.build/Release-iphoneos/CFMCheat.build/Objects-normal/arm64/ViewController.dia -c /Users/runner/work/cfm-cheat/cfm-cheat/CFMCheat/ViewController.m -o /Users/runner/work/cfm-cheat/cfm-cheat/build/OBJROOT/CFMCheat.build/Release-iphoneos/CFMCheat.build/Objects-normal/arm64/ViewController.o

ScanDependencies /Users/runner/work/cfm-cheat/cfm-cheat/build/OBJROOT/CFMCheat.build/Release-iphoneos/CFMCheat.build/Objects-normal/arm64/RootHelper.o /Users/runner/work/cfm-cheat/cfm-cheat/CFMCheat/RootHelper.m normal arm64 objective-c com.apple.compilers.llvm.clang.1_0.compiler (in target 'CFMCheat' from project 'CFMCheat')
    cd /Users/runner/work/cfm-cheat/cfm-cheat
    
    Using response file: /Users/runner/work/cfm-cheat/cfm-cheat/build/OBJROOT/CFMCheat.build/Release-iphoneos/CFMCheat.build/Objects-normal/arm64/e6072d4f65d7061329687fe24e3d63a7-common-args.resp
    
    builtin-ScanDependencies -o /Users/runner/work/cfm-cheat/cfm-cheat/build/OBJROOT/CFMCheat.build/Release-iphoneos/CFMCheat.build/Objects-normal/arm64/RootHelper.o.scan -- /Applications/Xcode_26.6.app/Contents/Developer/Toolchains/XcodeDefault.xctoolchain/usr/bin/clang -x objective-c -ivfsstatcache /var/folders/d8/hvxvltxn0fl4rmnd52sncbth0000gn/C/com.apple.DeveloperTools/26.6-17F113/Xcode/SDKStatCaches.noindex/iphoneos26.5-23F81a-688ef53f1462e2c8f657fdc38a81448fee66e23052a0157c865c76b268046726.sdkstatcache -target arm64-apple-ios12.0 -fmessage-length\=0 -fdiagnostics-show-note-include-stack -fmacro-backtrace-limit\=0 -fno-color-diagnostics -fmodules-prune-interval\=86400 -fmodules-prune-after\=345600 -fbuild-session-file\=/var/folders/d8/hvxvltxn0fl4rmnd52sncbth0000gn/C/org.llvm.clang/ModuleCache.noindex/Session.modulevalidation -fmodules-validate-once-per-build-session -Wnon-modular-include-in-framework-module -Werror\=non-modular-include-in-framework-module -Wno-trigraphs -Wno-missing-field-initializers -Wno-missing-prototypes -Wno-return-type -Wno-implicit-atomic-properties -Wno-objc-interface-ivars -Wno-arc-repeated-use-of-weak -Wno-missing-braces -Wparentheses -Wswitch -Wno-unused-function -Wno-unused-label -Wno-unused-parameter -Wno-unused-variable -Wunused-value -Wno-empty-body -Wno-uninitialized -Wno-unknown-pragmas -Wno-shadow -Wno-four-char-constants -Wno-conversion -Wno-constant-conversion -Wno-int-conversion -Wno-bool-conversion -Wno-enum-conversion -Wno-float-conversion -Wno-non-literal-null-conversion -Wno-objc-literal-conversion -Wshorten-64-to-32 -Wpointer-sign -Wno-newline-eof -Wno-selector -Wno-strict-selector-match -Wno-undeclared-selector -Wno-deprecated-implementations -Wno-implicit-fallthrough -isysroot /Applications/Xcode_26.6.app/Contents/Developer/Platforms/iPhoneOS.platform/Developer/SDKs/iPhoneOS26.5.sdk -fstrict-aliasing -Wprotocol -Wdeprecated-declarations -Wno-sign-conversion -Wno-infinite-recursion -Wno-comma -Wno-block-capture-autoreleasing -Wno-strict-prototypes -Wno-semicolon-before-method-body @/Users/runner/work/cfm-cheat/cfm-cheat/build/OBJROOT/CFMCheat.build/Release-iphoneos/CFMCheat.build/Objects-normal/arm64/e6072d4f65d7061329687fe24e3d63a7-common-args.resp -MMD -MT dependencies -MF /Users/runner/work/cfm-cheat/cfm-cheat/build/OBJROOT/CFMCheat.build/Release-iphoneos/CFMCheat.build/Objects-normal/arm64/RootHelper.d --serialize-diagnostics /Users/runner/work/cfm-cheat/cfm-cheat/build/OBJROOT/CFMCheat.build/Release-iphoneos/CFMCheat.build/Objects-normal/arm64/RootHelper.dia -c /Users/runner/work/cfm-cheat/cfm-cheat/CFMCheat/RootHelper.m -o /Users/runner/work/cfm-cheat/cfm-cheat/build/OBJROOT/CFMCheat.build/Release-iphoneos/CFMCheat.build/Objects-normal/arm64/RootHelper.o

ScanDependencies /Users/runner/work/cfm-cheat/cfm-cheat/build/OBJROOT/CFMCheat.build/Release-iphoneos/CFMCheat.build/Objects-normal/arm64/MemoryEngine.o /Users/runner/work/cfm-cheat/cfm-cheat/CFMCheat/MemoryEngine.m normal arm64 objective-c com.apple.compilers.llvm.clang.1_0.compiler (in target 'CFMCheat' from project 'CFMCheat')
    cd /Users/runner/work/cfm-cheat/cfm-cheat
    
    Using response file: /Users/runner/work/cfm-cheat/cfm-cheat/build/OBJROOT/CFMCheat.build/Release-iphoneos/CFMCheat.build/Objects-normal/arm64/e6072d4f65d7061329687fe24e3d63a7-common-args.resp
    
    builtin-ScanDependencies -o /Users/runner/work/cfm-cheat/cfm-cheat/build/OBJROOT/CFMCheat.build/Release-iphoneos/CFMCheat.build/Objects-normal/arm64/MemoryEngine.o.scan -- /Applications/Xcode_26.6.app/Contents/Developer/Toolchains/XcodeDefault.xctoolchain/usr/bin/clang -x objective-c -ivfsstatcache /var/folders/d8/hvxvltxn0fl4rmnd52sncbth0000gn/C/com.apple.DeveloperTools/26.6-17F113/Xcode/SDKStatCaches.noindex/iphoneos26.5-23F81a-688ef53f1462e2c8f657fdc38a81448fee66e23052a0157c865c76b268046726.sdkstatcache -target arm64-apple-ios12.0 -fmessage-length\=0 -fdiagnostics-show-note-include-stack -fmacro-backtrace-limit\=0 -fno-color-diagnostics -fmodules-prune-interval\=86400 -fmodules-prune-after\=345600 -fbuild-session-file\=/var/folders/d8/hvxvltxn0fl4rmnd52sncbth0000gn/C/org.llvm.clang/ModuleCache.noindex/Session.modulevalidation -fmodules-validate-once-per-build-session -Wnon-modular-include-in-framework-module -Werror\=non-modular-include-in-framework-module -Wno-trigraphs -Wno-missing-field-initializers -Wno-missing-prototypes -Wno-return-type -Wno-implicit-atomic-properties -Wno-objc-interface-ivars -Wno-arc-repeated-use-of-weak -Wno-missing-braces -Wparentheses -Wswitch -Wno-unused-function -Wno-unused-label -Wno-unused-parameter -Wno-unused-variable -Wunused-value -Wno-empty-body -Wno-uninitialized -Wno-unknown-pragmas -Wno-shadow -Wno-four-char-constants -Wno-conversion -Wno-constant-conversion -Wno-int-conversion -Wno-bool-conversion -Wno-enum-conversion -Wno-float-conversion -Wno-non-literal-null-conversion -Wno-objc-literal-conversion -Wshorten-64-to-32 -Wpointer-sign -Wno-newline-eof -Wno-selector -Wno-strict-selector-match -Wno-undeclared-selector -Wno-deprecated-implementations -Wno-implicit-fallthrough -isysroot /Applications/Xcode_26.6.app/Contents/Developer/Platforms/iPhoneOS.platform/Developer/SDKs/iPhoneOS26.5.sdk -fstrict-aliasing -Wprotocol -Wdeprecated-declarations -Wno-sign-conversion -Wno-infinite-recursion -Wno-comma -Wno-block-capture-autoreleasing -Wno-strict-prototypes -Wno-semicolon-before-method-body @/Users/runner/work/cfm-cheat/cfm-cheat/build/OBJROOT/CFMCheat.build/Release-iphoneos/CFMCheat.build/Objects-normal/arm64/e6072d4f65d7061329687fe24e3d63a7-common-args.resp -MMD -MT dependencies -MF /Users/runner/work/cfm-cheat/cfm-cheat/build/OBJROOT/CFMCheat.build/Release-iphoneos/CFMCheat.build/Objects-normal/arm64/MemoryEngine.d --serialize-diagnostics /Users/runner/work/cfm-cheat/cfm-cheat/build/OBJROOT/CFMCheat.build/Release-iphoneos/CFMCheat.build/Objects-normal/arm64/MemoryEngine.dia -c /Users/runner/work/cfm-cheat/cfm-cheat/CFMCheat/MemoryEngine.m -o /Users/runner/work/cfm-cheat/cfm-cheat/build/OBJROOT/CFMCheat.build/Release-iphoneos/CFMCheat.build/Objects-normal/arm64/MemoryEngine.o

PrecompileModule /Users/runner/work/cfm-cheat/cfm-cheat/build/OBJROOT/ExplicitPrecompiledModules/_Builtin_stdarg-3A7ITV74NNKFCJH9ZNV0LPF6C.scan
    cd /
    builtin-precompileModule /Users/runner/work/cfm-cheat/cfm-cheat/build/OBJROOT/ExplicitPrecompiledModules/_Builtin_stdarg-3A7ITV74NNKFCJH9ZNV0LPF6C.scan

PrecompileModule /Users/runner/work/cfm-cheat/cfm-cheat/build/OBJROOT/ExplicitPrecompiledModules/ptrauth-3AIELFZ2NCTGDOO4KRWC9A6P8.scan
    cd /
    builtin-precompileModule /Users/runner/work/cfm-cheat/cfm-cheat/build/OBJROOT/ExplicitPrecompiledModules/ptrauth-3AIELFZ2NCTGDOO4KRWC9A6P8.scan

PrecompileModule /Users/runner/work/cfm-cheat/cfm-cheat/build/OBJROOT/ExplicitPrecompiledModules/_Builtin_stdbool-EVD7ZVFQTR8S2F81FMSAEKS14.scan
    cd /
    builtin-precompileModule /Users/runner/work/cfm-cheat/cfm-cheat/build/OBJROOT/ExplicitPrecompiledModules/_Builtin_stdbool-EVD7ZVFQTR8S2F81FMSAEKS14.scan

PrecompileModule /Users/runner/work/cfm-cheat/cfm-cheat/build/OBJROOT/ExplicitPrecompiledModules/ptrcheck-C7S1AMP60ATTU3QXICL19WHDA.scan
    cd /
    builtin-precompileModule /Users/runner/work/cfm-cheat/cfm-cheat/build/OBJROOT/ExplicitPrecompiledModules/ptrcheck-C7S1AMP60ATTU3QXICL19WHDA.scan

PrecompileModule /Users/runner/work/cfm-cheat/cfm-cheat/build/OBJROOT/ExplicitPrecompiledModules/_Builtin_stddef-9O8QBV5DAGEGM2WJU7ZYXDRBS.scan
    cd /
    builtin-precompileModule /Users/runner/work/cfm-cheat/cfm-cheat/build/OBJROOT/ExplicitPrecompiledModules/_Builtin_stddef-9O8QBV5DAGEGM2WJU7ZYXDRBS.scan

PrecompileModule /Users/runner/work/cfm-cheat/cfm-cheat/build/OBJROOT/ExplicitPrecompiledModules/_Builtin_float-A1U3I90MB4Y5MMU82OOZH23UY.scan
    cd /
    builtin-precompileModule /Users/runner/work/cfm-cheat/cfm-cheat/build/OBJROOT/ExplicitPrecompiledModules/_Builtin_float-A1U3I90MB4Y5MMU82OOZH23UY.scan

PrecompileModule /Users/runner/work/cfm-cheat/cfm-cheat/build/OBJROOT/ExplicitPrecompiledModules/_AvailabilityInternal-9MLZ8ZTII87MQ9TQ4B8JTH65P.scan
    cd /
    builtin-precompileModule /Users/runner/work/cfm-cheat/cfm-cheat/build/OBJROOT/ExplicitPrecompiledModules/_AvailabilityInternal-9MLZ8ZTII87MQ9TQ4B8JTH65P.scan

ScanDependencies /Users/runner/work/cfm-cheat/cfm-cheat/build/OBJROOT/CFMCheat.build/Release-iphoneos/CFMCheat.build/Objects-normal/arm64/KernelRW.o /Users/runner/work/cfm-cheat/cfm-cheat/CFMCheat/KernelRW.m normal arm64 objective-c com.apple.compilers.llvm.clang.1_0.compiler (in target 'CFMCheat' from project 'CFMCheat')
    cd /Users/runner/work/cfm-cheat/cfm-cheat
    
    Using response file: /Users/runner/work/cfm-cheat/cfm-cheat/build/OBJROOT/CFMCheat.build/Release-iphoneos/CFMCheat.build/Objects-normal/arm64/e6072d4f65d7061329687fe24e3d63a7-common-args.resp
    
    builtin-ScanDependencies -o /Users/runner/work/cfm-cheat/cfm-cheat/build/OBJROOT/CFMCheat.build/Release-iphoneos/CFMCheat.build/Objects-normal/arm64/KernelRW.o.scan -- /Applications/Xcode_26.6.app/Contents/Developer/Toolchains/XcodeDefault.xctoolchain/usr/bin/clang -x objective-c -ivfsstatcache /var/folders/d8/hvxvltxn0fl4rmnd52sncbth0000gn/C/com.apple.DeveloperTools/26.6-17F113/Xcode/SDKStatCaches.noindex/iphoneos26.5-23F81a-688ef53f1462e2c8f657fdc38a81448fee66e23052a0157c865c76b268046726.sdkstatcache -target arm64-apple-ios12.0 -fmessage-length\=0 -fdiagnostics-show-note-include-stack -fmacro-backtrace-limit\=0 -fno-color-diagnostics -fmodules-prune-interval\=86400 -fmodules-prune-after\=345600 -fbuild-session-file\=/var/folders/d8/hvxvltxn0fl4rmnd52sncbth0000gn/C/org.llvm.clang/ModuleCache.noindex/Session.modulevalidation -fmodules-validate-once-per-build-session -Wnon-modular-include-in-framework-module -Werror\=non-modular-include-in-framework-module -Wno-trigraphs -Wno-missing-field-initializers -Wno-missing-prototypes -Wno-return-type -Wno-implicit-atomic-properties -Wno-objc-interface-ivars -Wno-arc-repeated-use-of-weak -Wno-missing-braces -Wparentheses -Wswitch -Wno-unused-function -Wno-unused-label -Wno-unused-parameter -Wno-unused-variable -Wunused-value -Wno-empty-body -Wno-uninitialized -Wno-unknown-pragmas -Wno-shadow -Wno-four-char-constants -Wno-conversion -Wno-constant-conversion -Wno-int-conversion -Wno-bool-conversion -Wno-enum-conversion -Wno-float-conversion -Wno-non-literal-null-conversion -Wno-objc-literal-conversion -Wshorten-64-to-32 -Wpointer-sign -Wno-newline-eof -Wno-selector -Wno-strict-selector-match -Wno-undeclared-selector -Wno-deprecated-implementations -Wno-implicit-fallthrough -isysroot /Applications/Xcode_26.6.app/Contents/Developer/Platforms/iPhoneOS.platform/Developer/SDKs/iPhoneOS26.5.sdk -fstrict-aliasing -Wprotocol -Wdeprecated-declarations -Wno-sign-conversion -Wno-infinite-recursion -Wno-comma -Wno-block-capture-autoreleasing -Wno-strict-prototypes -Wno-semicolon-before-method-body @/Users/runner/work/cfm-cheat/cfm-cheat/build/OBJROOT/CFMCheat.build/Release-iphoneos/CFMCheat.build/Objects-normal/arm64/e6072d4f65d7061329687fe24e3d63a7-common-args.resp -MMD -MT dependencies -MF /Users/runner/work/cfm-cheat/cfm-cheat/build/OBJROOT/CFMCheat.build/Release-iphoneos/CFMCheat.build/Objects-normal/arm64/KernelRW.d --serialize-diagnostics /Users/runner/work/cfm-cheat/cfm-cheat/build/OBJROOT/CFMCheat.build/Release-iphoneos/CFMCheat.build/Objects-normal/arm64/KernelRW.dia -c /Users/runner/work/cfm-cheat/cfm-cheat/CFMCheat/KernelRW.m -o /Users/runner/work/cfm-cheat/cfm-cheat/build/OBJROOT/CFMCheat.build/Release-iphoneos/CFMCheat.build/Objects-normal/arm64/KernelRW.o

PrecompileModule /Users/runner/work/cfm-cheat/cfm-cheat/build/OBJROOT/ExplicitPrecompiledModules/_DarwinFoundation1-H2Q9DYGCFUW55AXQJ59LJPYM.scan
    cd /
    builtin-precompileModule /Users/runner/work/cfm-cheat/cfm-cheat/build/OBJROOT/ExplicitPrecompiledModules/_DarwinFoundation1-H2Q9DYGCFUW55AXQJ59LJPYM.scan

ScanDependencies /Users/runner/work/cfm-cheat/cfm-cheat/build/OBJROOT/CFMCheat.build/Release-iphoneos/CFMCheat.build/Objects-normal/arm64/DeviceManager.o /Users/runner/work/cfm-cheat/cfm-cheat/CFMCheat/DeviceManager.m normal arm64 objective-c com.apple.compilers.llvm.clang.1_0.compiler (in target 'CFMCheat' from project 'CFMCheat')
    cd /Users/runner/work/cfm-cheat/cfm-cheat
    
    Using response file: /Users/runner/work/cfm-cheat/cfm-cheat/build/OBJROOT/CFMCheat.build/Release-iphoneos/CFMCheat.build/Objects-normal/arm64/e6072d4f65d7061329687fe24e3d63a7-common-args.resp
    
    builtin-ScanDependencies -o /Users/runner/work/cfm-cheat/cfm-cheat/build/OBJROOT/CFMCheat.build/Release-iphoneos/CFMCheat.build/Objects-normal/arm64/DeviceManager.o.scan -- /Applications/Xcode_26.6.app/Contents/Developer/Toolchains/XcodeDefault.xctoolchain/usr/bin/clang -x objective-c -ivfsstatcache /var/folders/d8/hvxvltxn0fl4rmnd52sncbth0000gn/C/com.apple.DeveloperTools/26.6-17F113/Xcode/SDKStatCaches.noindex/iphoneos26.5-23F81a-688ef53f1462e2c8f657fdc38a81448fee66e23052a0157c865c76b268046726.sdkstatcache -target arm64-apple-ios12.0 -fmessage-length\=0 -fdiagnostics-show-note-include-stack -fmacro-backtrace-limit\=0 -fno-color-diagnostics -fmodules-prune-interval\=86400 -fmodules-prune-after\=345600 -fbuild-session-file\=/var/folders/d8/hvxvltxn0fl4rmnd52sncbth0000gn/C/org.llvm.clang/ModuleCache.noindex/Session.modulevalidation -fmodules-validate-once-per-build-session -Wnon-modular-include-in-framework-module -Werror\=non-modular-include-in-framework-module -Wno-trigraphs -Wno-missing-field-initializers -Wno-missing-prototypes -Wno-return-type -Wno-implicit-atomic-properties -Wno-objc-interface-ivars -Wno-arc-repeated-use-of-weak -Wno-missing-braces -Wparentheses -Wswitch -Wno-unused-function -Wno-unused-label -Wno-unused-parameter -Wno-unused-variable -Wunused-value -Wno-empty-body -Wno-uninitialized -Wno-unknown-pragmas -Wno-shadow -Wno-four-char-constants -Wno-conversion -Wno-constant-conversion -Wno-int-conversion -Wno-bool-conversion -Wno-enum-conversion -Wno-float-conversion -Wno-non-literal-null-conversion -Wno-objc-literal-conversion -Wshorten-64-to-32 -Wpointer-sign -Wno-newline-eof -Wno-selector -Wno-strict-selector-match -Wno-undeclared-selector -Wno-deprecated-implementations -Wno-implicit-fallthrough -isysroot /Applications/Xcode_26.6.app/Contents/Developer/Platforms/iPhoneOS.platform/Developer/SDKs/iPhoneOS26.5.sdk -fstrict-aliasing -Wprotocol -Wdeprecated-declarations -Wno-sign-conversion -Wno-infinite-recursion -Wno-comma -Wno-block-capture-autoreleasing -Wno-strict-prototypes -Wno-semicolon-before-method-body @/Users/runner/work/cfm-cheat/cfm-cheat/build/OBJROOT/CFMCheat.build/Release-iphoneos/CFMCheat.build/Objects-normal/arm64/e6072d4f65d7061329687fe24e3d63a7-common-args.resp -MMD -MT dependencies -MF /Users/runner/work/cfm-cheat/cfm-cheat/build/OBJROOT/CFMCheat.build/Release-iphoneos/CFMCheat.build/Objects-normal/arm64/DeviceManager.d --serialize-diagnostics /Users/runner/work/cfm-cheat/cfm-cheat/build/OBJROOT/CFMCheat.build/Release-iphoneos/CFMCheat.build/Objects-normal/arm64/DeviceManager.dia -c /Users/runner/work/cfm-cheat/cfm-cheat/CFMCheat/DeviceManager.m -o /Users/runner/work/cfm-cheat/cfm-cheat/build/OBJROOT/CFMCheat.build/Release-iphoneos/CFMCheat.build/Objects-normal/arm64/DeviceManager.o

PrecompileModule /Users/runner/work/cfm-cheat/cfm-cheat/build/OBJROOT/ExplicitPrecompiledModules/_Builtin_limits-BX2LCPQVTYT1S0HMY60Z1R84F.scan
    cd /
    builtin-precompileModule /Users/runner/work/cfm-cheat/cfm-cheat/build/OBJROOT/ExplicitPrecompiledModules/_Builtin_limits-BX2LCPQVTYT1S0HMY60Z1R84F.scan

PrecompileModule /Users/runner/work/cfm-cheat/cfm-cheat/build/OBJROOT/ExplicitPrecompiledModules/_DarwinFoundation2-AQ7H7ZD7E811EIOEQQJ5O4ZOM.scan
    cd /
    builtin-precompileModule /Users/runner/work/cfm-cheat/cfm-cheat/build/OBJROOT/ExplicitPrecompiledModules/_DarwinFoundation2-AQ7H7ZD7E811EIOEQQJ5O4ZOM.scan

ScanDependencies /Users/runner/work/cfm-cheat/cfm-cheat/build/OBJROOT/CFMCheat.build/Release-iphoneos/CFMCheat.build/Objects-normal/arm64/CheatLoop.o /Users/runner/work/cfm-cheat/cfm-cheat/CFMCheat/CheatLoop.m normal arm64 objective-c com.apple.compilers.llvm.clang.1_0.compiler (in target 'CFMCheat' from project 'CFMCheat')
    cd /Users/runner/work/cfm-cheat/cfm-cheat
    
    Using response file: /Users/runner/work/cfm-cheat/cfm-cheat/build/OBJROOT/CFMCheat.build/Release-iphoneos/CFMCheat.build/Objects-normal/arm64/e6072d4f65d7061329687fe24e3d63a7-common-args.resp
    
    builtin-ScanDependencies -o /Users/runner/work/cfm-cheat/cfm-cheat/build/OBJROOT/CFMCheat.build/Release-iphoneos/CFMCheat.build/Objects-normal/arm64/CheatLoop.o.scan -- /Applications/Xcode_26.6.app/Contents/Developer/Toolchains/XcodeDefault.xctoolchain/usr/bin/clang -x objective-c -ivfsstatcache /var/folders/d8/hvxvltxn0fl4rmnd52sncbth0000gn/C/com.apple.DeveloperTools/26.6-17F113/Xcode/SDKStatCaches.noindex/iphoneos26.5-23F81a-688ef53f1462e2c8f657fdc38a81448fee66e23052a0157c865c76b268046726.sdkstatcache -target arm64-apple-ios12.0 -fmessage-length\=0 -fdiagnostics-show-note-include-stack -fmacro-backtrace-limit\=0 -fno-color-diagnostics -fmodules-prune-interval\=86400 -fmodules-prune-after\=345600 -fbuild-session-file\=/var/folders/d8/hvxvltxn0fl4rmnd52sncbth0000gn/C/org.llvm.clang/ModuleCache.noindex/Session.modulevalidation -fmodules-validate-once-per-build-session -Wnon-modular-include-in-framework-module -Werror\=non-modular-include-in-framework-module -Wno-trigraphs -Wno-missing-field-initializers -Wno-missing-prototypes -Wno-return-type -Wno-implicit-atomic-properties -Wno-objc-interface-ivars -Wno-arc-repeated-use-of-weak -Wno-missing-braces -Wparentheses -Wswitch -Wno-unused-function -Wno-unused-label -Wno-unused-parameter -Wno-unused-variable -Wunused-value -Wno-empty-body -Wno-uninitialized -Wno-unknown-pragmas -Wno-shadow -Wno-four-char-constants -Wno-conversion -Wno-constant-conversion -Wno-int-conversion -Wno-bool-conversion -Wno-enum-conversion -Wno-float-conversion -Wno-non-literal-null-conversion -Wno-objc-literal-conversion -Wshorten-64-to-32 -Wpointer-sign -Wno-newline-eof -Wno-selector -Wno-strict-selector-match -Wno-undeclared-selector -Wno-deprecated-implementations -Wno-implicit-fallthrough -isysroot /Applications/Xcode_26.6.app/Contents/Developer/Platforms/iPhoneOS.platform/Developer/SDKs/iPhoneOS26.5.sdk -fstrict-aliasing -Wprotocol -Wdeprecated-declarations -Wno-sign-conversion -Wno-infinite-recursion -Wno-comma -Wno-block-capture-autoreleasing -Wno-strict-prototypes -Wno-semicolon-before-method-body @/Users/runner/work/cfm-cheat/cfm-cheat/build/OBJROOT/CFMCheat.build/Release-iphoneos/CFMCheat.build/Objects-normal/arm64/e6072d4f65d7061329687fe24e3d63a7-common-args.resp -MMD -MT dependencies -MF /Users/runner/work/cfm-cheat/cfm-cheat/build/OBJROOT/CFMCheat.build/Release-iphoneos/CFMCheat.build/Objects-normal/arm64/CheatLoop.d --serialize-diagnostics /Users/runner/work/cfm-cheat/cfm-cheat/build/OBJROOT/CFMCheat.build/Release-iphoneos/CFMCheat.build/Objects-normal/arm64/CheatLoop.dia -c /Users/runner/work/cfm-cheat/cfm-cheat/CFMCheat/CheatLoop.m -o /Users/runner/work/cfm-cheat/cfm-cheat/build/OBJROOT/CFMCheat.build/Release-iphoneos/CFMCheat.build/Objects-normal/arm64/CheatLoop.o

ScanDependencies /Users/runner/work/cfm-cheat/cfm-cheat/build/OBJROOT/CFMCheat.build/Release-iphoneos/CFMCheat.build/Objects-normal/arm64/AppDelegate.o /Users/runner/work/cfm-cheat/cfm-cheat/CFMCheat/AppDelegate.m normal arm64 objective-c com.apple.compilers.llvm.clang.1_0.compiler (in target 'CFMCheat' from project 'CFMCheat')
    cd /Users/runner/work/cfm-cheat/cfm-cheat
    
    Using response file: /Users/runner/work/cfm-cheat/cfm-cheat/build/OBJROOT/CFMCheat.build/Release-iphoneos/CFMCheat.build/Objects-normal/arm64/e6072d4f65d7061329687fe24e3d63a7-common-args.resp
    
    builtin-ScanDependencies -o /Users/runner/work/cfm-cheat/cfm-cheat/build/OBJROOT/CFMCheat.build/Release-iphoneos/CFMCheat.build/Objects-normal/arm64/AppDelegate.o.scan -- /Applications/Xcode_26.6.app/Contents/Developer/Toolchains/XcodeDefault.xctoolchain/usr/bin/clang -x objective-c -ivfsstatcache /var/folders/d8/hvxvltxn0fl4rmnd52sncbth0000gn/C/com.apple.DeveloperTools/26.6-17F113/Xcode/SDKStatCaches.noindex/iphoneos26.5-23F81a-688ef53f1462e2c8f657fdc38a81448fee66e23052a0157c865c76b268046726.sdkstatcache -target arm64-apple-ios12.0 -fmessage-length\=0 -fdiagnostics-show-note-include-stack -fmacro-backtrace-limit\=0 -fno-color-diagnostics -fmodules-prune-interval\=86400 -fmodules-prune-after\=345600 -fbuild-session-file\=/var/folders/d8/hvxvltxn0fl4rmnd52sncbth0000gn/C/org.llvm.clang/ModuleCache.noindex/Session.modulevalidation -fmodules-validate-once-per-build-session -Wnon-modular-include-in-framework-module -Werror\=non-modular-include-in-framework-module -Wno-trigraphs -Wno-missing-field-initializers -Wno-missing-prototypes -Wno-return-type -Wno-implicit-atomic-properties -Wno-objc-interface-ivars -Wno-arc-repeated-use-of-weak -Wno-missing-braces -Wparentheses -Wswitch -Wno-unused-function -Wno-unused-label -Wno-unused-parameter -Wno-unused-variable -Wunused-value -Wno-empty-body -Wno-uninitialized -Wno-unknown-pragmas -Wno-shadow -Wno-four-char-constants -Wno-conversion -Wno-constant-conversion -Wno-int-conversion -Wno-bool-conversion -Wno-enum-conversion -Wno-float-conversion -Wno-non-literal-null-conversion -Wno-objc-literal-conversion -Wshorten-64-to-32 -Wpointer-sign -Wno-newline-eof -Wno-selector -Wno-strict-selector-match -Wno-undeclared-selector -Wno-deprecated-implementations -Wno-implicit-fallthrough -isysroot /Applications/Xcode_26.6.app/Contents/Developer/Platforms/iPhoneOS.platform/Developer/SDKs/iPhoneOS26.5.sdk -fstrict-aliasing -Wprotocol -Wdeprecated-declarations -Wno-sign-conversion -Wno-infinite-recursion -Wno-comma -Wno-block-capture-autoreleasing -Wno-strict-prototypes -Wno-semicolon-before-method-body @/Users/runner/work/cfm-cheat/cfm-cheat/build/OBJROOT/CFMCheat.build/Release-iphoneos/CFMCheat.build/Objects-normal/arm64/e6072d4f65d7061329687fe24e3d63a7-common-args.resp -MMD -MT dependencies -MF /Users/runner/work/cfm-cheat/cfm-cheat/build/OBJROOT/CFMCheat.build/Release-iphoneos/CFMCheat.build/Objects-normal/arm64/AppDelegate.d --serialize-diagnostics /Users/runner/work/cfm-cheat/cfm-cheat/build/OBJROOT/CFMCheat.build/Release-iphoneos/CFMCheat.build/Objects-normal/arm64/AppDelegate.dia -c /Users/runner/work/cfm-cheat/cfm-cheat/CFMCheat/AppDelegate.m -o /Users/runner/work/cfm-cheat/cfm-cheat/build/OBJROOT/CFMCheat.build/Release-iphoneos/CFMCheat.build/Objects-normal/arm64/AppDelegate.o

PrecompileModule /Users/runner/work/cfm-cheat/cfm-cheat/build/OBJROOT/ExplicitPrecompiledModules/_Builtin_stdint-71KF7EP9R2C7GMZ0VXVE3DDDJ.scan
    cd /
    builtin-precompileModule /Users/runner/work/cfm-cheat/cfm-cheat/build/OBJROOT/ExplicitPrecompiledModules/_Builtin_stdint-71KF7EP9R2C7GMZ0VXVE3DDDJ.scan

PrecompileModule /Users/runner/work/cfm-cheat/cfm-cheat/build/OBJROOT/ExplicitPrecompiledModules/_DarwinFoundation3-AJYZ29W6AKLUG2C5CDRG21B0R.scan
    cd /
    builtin-precompileModule /Users/runner/work/cfm-cheat/cfm-cheat/build/OBJROOT/ExplicitPrecompiledModules/_DarwinFoundation3-AJYZ29W6AKLUG2C5CDRG21B0R.scan

PrecompileModule /Users/runner/work/cfm-cheat/cfm-cheat/build/OBJROOT/ExplicitPrecompiledModules/_Builtin_inttypes-4JCISSNPH8598D138WZ2JQ5LY.scan
    cd /
    builtin-precompileModule /Users/runner/work/cfm-cheat/cfm-cheat/build/OBJROOT/ExplicitPrecompiledModules/_Builtin_inttypes-4JCISSNPH8598D138WZ2JQ5LY.scan

PrecompileModule /Users/runner/work/cfm-cheat/cfm-cheat/build/OBJROOT/ExplicitPrecompiledModules/Darwin-5TJPGC91S6Y1V32CLJP7GZT93.scan
    cd /
    builtin-precompileModule /Users/runner/work/cfm-cheat/cfm-cheat/build/OBJROOT/ExplicitPrecompiledModules/Darwin-5TJPGC91S6Y1V32CLJP7GZT93.scan

PrecompileModule /Users/runner/work/cfm-cheat/cfm-cheat/build/OBJROOT/ExplicitPrecompiledModules/ObjectiveC-9ZPLC4D0UCNYGJ22T6XZFV6E1.scan
    cd /
    builtin-precompileModule /Users/runner/work/cfm-cheat/cfm-cheat/build/OBJROOT/ExplicitPrecompiledModules/ObjectiveC-9ZPLC4D0UCNYGJ22T6XZFV6E1.scan

PrecompileModule /Users/runner/work/cfm-cheat/cfm-cheat/build/OBJROOT/ExplicitPrecompiledModules/MachO-1FODREHD51AFRWPEU6U5Q3WHK.scan
    cd /
    builtin-precompileModule /Users/runner/work/cfm-cheat/cfm-cheat/build/OBJROOT/ExplicitPrecompiledModules/MachO-1FODREHD51AFRWPEU6U5Q3WHK.scan

PrecompileModule /Users/runner/work/cfm-cheat/cfm-cheat/build/OBJROOT/ExplicitPrecompiledModules/os_object-C3I8ATGK7BIWST1TPE0N29YDQ.scan
    cd /
    builtin-precompileModule /Users/runner/work/cfm-cheat/cfm-cheat/build/OBJROOT/ExplicitPrecompiledModules/os_object-C3I8ATGK7BIWST1TPE0N29YDQ.scan

PrecompileModule /Users/runner/work/cfm-cheat/cfm-cheat/build/OBJROOT/ExplicitPrecompiledModules/os_workgroup-BCAETNWX4SGWFMXJ6G5DW09DI.scan
    cd /
    builtin-precompileModule /Users/runner/work/cfm-cheat/cfm-cheat/build/OBJROOT/ExplicitPrecompiledModules/os_workgroup-BCAETNWX4SGWFMXJ6G5DW09DI.scan

PrecompileModule /Users/runner/work/cfm-cheat/cfm-cheat/build/OBJROOT/ExplicitPrecompiledModules/Dispatch-C4MMK6HJEYEG6ZQ5X9O0S9XMD.scan
    cd /
    builtin-precompileModule /Users/runner/work/cfm-cheat/cfm-cheat/build/OBJROOT/ExplicitPrecompiledModules/Dispatch-C4MMK6HJEYEG6ZQ5X9O0S9XMD.scan

PrecompileModule /Users/runner/work/cfm-cheat/cfm-cheat/build/OBJROOT/ExplicitPrecompiledModules/XPC-25GG8639D5FP6L6U78ZFH33FI.scan
    cd /
    builtin-precompileModule /Users/runner/work/cfm-cheat/cfm-cheat/build/OBJROOT/ExplicitPrecompiledModules/XPC-25GG8639D5FP6L6U78ZFH33FI.scan

PrecompileModule /Users/runner/work/cfm-cheat/cfm-cheat/build/OBJROOT/ExplicitPrecompiledModules/CoreFoundation-4QDIBE92R9K1NZIOBRDJ4OQOX.scan
    cd /
    builtin-precompileModule /Users/runner/work/cfm-cheat/cfm-cheat/build/OBJROOT/ExplicitPrecompiledModules/CoreFoundation-4QDIBE92R9K1NZIOBRDJ4OQOX.scan

PrecompileModule /Users/runner/work/cfm-cheat/cfm-cheat/build/OBJROOT/ExplicitPrecompiledModules/CFNetwork-5HF97VTV2TVOTQ7Q86MXYECL4.scan
    cd /
    builtin-precompileModule /Users/runner/work/cfm-cheat/cfm-cheat/build/OBJROOT/ExplicitPrecompiledModules/CFNetwork-5HF97VTV2TVOTQ7Q86MXYECL4.scan

PrecompileModule /Users/runner/work/cfm-cheat/cfm-cheat/build/OBJROOT/ExplicitPrecompiledModules/CoreGraphics-6EV8K25VHOXE4Z0Y5N2PPBLSN.scan
    cd /
    builtin-precompileModule /Users/runner/work/cfm-cheat/cfm-cheat/build/OBJROOT/ExplicitPrecompiledModules/CoreGraphics-6EV8K25VHOXE4Z0Y5N2PPBLSN.scan

PrecompileModule /Users/runner/work/cfm-cheat/cfm-cheat/build/OBJROOT/ExplicitPrecompiledModules/Security-D0EQ06343UJGQT9KD3DBCFXVH.scan
    cd /
    builtin-precompileModule /Users/runner/work/cfm-cheat/cfm-cheat/build/OBJROOT/ExplicitPrecompiledModules/Security-D0EQ06343UJGQT9KD3DBCFXVH.scan

PrecompileModule /Users/runner/work/cfm-cheat/cfm-cheat/build/OBJROOT/ExplicitPrecompiledModules/CoreText-1FXU9SSF11C6C16X4TNX9RYH1.scan
    cd /
    builtin-precompileModule /Users/runner/work/cfm-cheat/cfm-cheat/build/OBJROOT/ExplicitPrecompiledModules/CoreText-1FXU9SSF11C6C16X4TNX9RYH1.scan

PrecompileModule /Users/runner/work/cfm-cheat/cfm-cheat/build/OBJROOT/ExplicitPrecompiledModules/ImageIO-DYVU8GIIW39N8RLVE2NQ9BIQ4.scan
    cd /
    builtin-precompileModule /Users/runner/work/cfm-cheat/cfm-cheat/build/OBJROOT/ExplicitPrecompiledModules/ImageIO-DYVU8GIIW39N8RLVE2NQ9BIQ4.scan

PrecompileModule /Users/runner/work/cfm-cheat/cfm-cheat/build/OBJROOT/ExplicitPrecompiledModules/Foundation-2OOMP6L9BO3072EMVDTFL54AJ.scan
    cd /
    builtin-precompileModule /Users/runner/work/cfm-cheat/cfm-cheat/build/OBJROOT/ExplicitPrecompiledModules/Foundation-2OOMP6L9BO3072EMVDTFL54AJ.scan

CompileC /Users/runner/work/cfm-cheat/cfm-cheat/build/OBJROOT/CFMCheat.build/Release-iphoneos/CFMCheat.build/Objects-normal/arm64/RootHelper.o /Users/runner/work/cfm-cheat/cfm-cheat/CFMCheat/RootHelper.m normal arm64 objective-c com.apple.compilers.llvm.clang.1_0.compiler (in target 'CFMCheat' from project 'CFMCheat')
    cd /Users/runner/work/cfm-cheat/cfm-cheat
    
    Using response file: /Users/runner/work/cfm-cheat/cfm-cheat/build/OBJROOT/CFMCheat.build/Release-iphoneos/CFMCheat.build/Objects-normal/arm64/e6072d4f65d7061329687fe24e3d63a7-common-args.resp
    
    /Applications/Xcode_26.6.app/Contents/Developer/Toolchains/XcodeDefault.xctoolchain/usr/bin/clang -x objective-c -ivfsstatcache /var/folders/d8/hvxvltxn0fl4rmnd52sncbth0000gn/C/com.apple.DeveloperTools/26.6-17F113/Xcode/SDKStatCaches.noindex/iphoneos26.5-23F81a-688ef53f1462e2c8f657fdc38a81448fee66e23052a0157c865c76b268046726.sdkstatcache -target arm64-apple-ios12.0 -fmessage-length\=0 -fdiagnostics-show-note-include-stack -fmacro-backtrace-limit\=0 -fno-color-diagnostics -fmodules-prune-interval\=86400 -fmodules-prune-after\=345600 -fbuild-session-file\=/var/folders/d8/hvxvltxn0fl4rmnd52sncbth0000gn/C/org.llvm.clang/ModuleCache.noindex/Session.modulevalidation -fmodules-validate-once-per-build-session -Wnon-modular-include-in-framework-module -Werror\=non-modular-include-in-framework-module -Wno-trigraphs -Wno-missing-field-initializers -Wno-missing-prototypes -Wno-return-type -Wno-implicit-atomic-properties -Wno-objc-interface-ivars -Wno-arc-repeated-use-of-weak -Wno-missing-braces -Wparentheses -Wswitch -Wno-unused-function -Wno-unused-label -Wno-unused-parameter -Wno-unused-variable -Wunused-value -Wno-empty-body -Wno-uninitialized -Wno-unknown-pragmas -Wno-shadow -Wno-four-char-constants -Wno-conversion -Wno-constant-conversion -Wno-int-conversion -Wno-bool-conversion -Wno-enum-conversion -Wno-float-conversion -Wno-non-literal-null-conversion -Wno-objc-literal-conversion -Wshorten-64-to-32 -Wpointer-sign -Wno-newline-eof -Wno-selector -Wno-strict-selector-match -Wno-undeclared-selector -Wno-deprecated-implementations -Wno-implicit-fallthrough -isysroot /Applications/Xcode_26.6.app/Contents/Developer/Platforms/iPhoneOS.platform/Developer/SDKs/iPhoneOS26.5.sdk -fstrict-aliasing -Wprotocol -Wdeprecated-declarations -Wno-sign-conversion -Wno-infinite-recursion -Wno-comma -Wno-block-capture-autoreleasing -Wno-strict-prototypes -Wno-semicolon-before-method-body @/Users/runner/work/cfm-cheat/cfm-cheat/build/OBJROOT/CFMCheat.build/Release-iphoneos/CFMCheat.build/Objects-normal/arm64/e6072d4f65d7061329687fe24e3d63a7-common-args.resp -MMD -MT dependencies -MF /Users/runner/work/cfm-cheat/cfm-cheat/build/OBJROOT/CFMCheat.build/Release-iphoneos/CFMCheat.build/Objects-normal/arm64/RootHelper.d --serialize-diagnostics /Users/runner/work/cfm-cheat/cfm-cheat/build/OBJROOT/CFMCheat.build/Release-iphoneos/CFMCheat.build/Objects-normal/arm64/RootHelper.dia -c /Users/runner/work/cfm-cheat/cfm-cheat/CFMCheat/RootHelper.m -o /Users/runner/work/cfm-cheat/cfm-cheat/build/OBJROOT/CFMCheat.build/Release-iphoneos/CFMCheat.build/Objects-normal/arm64/RootHelper.o

CompileC /Users/runner/work/cfm-cheat/cfm-cheat/build/OBJROOT/CFMCheat.build/Release-iphoneos/CFMCheat.build/Objects-normal/arm64/MemoryEngine.o /Users/runner/work/cfm-cheat/cfm-cheat/CFMCheat/MemoryEngine.m normal arm64 objective-c com.apple.compilers.llvm.clang.1_0.compiler (in target 'CFMCheat' from project 'CFMCheat')
    cd /Users/runner/work/cfm-cheat/cfm-cheat
    
    Using response file: /Users/runner/work/cfm-cheat/cfm-cheat/build/OBJROOT/CFMCheat.build/Release-iphoneos/CFMCheat.build/Objects-normal/arm64/e6072d4f65d7061329687fe24e3d63a7-common-args.resp
    
    /Applications/Xcode_26.6.app/Contents/Developer/Toolchains/XcodeDefault.xctoolchain/usr/bin/clang -x objective-c -ivfsstatcache /var/folders/d8/hvxvltxn0fl4rmnd52sncbth0000gn/C/com.apple.DeveloperTools/26.6-17F113/Xcode/SDKStatCaches.noindex/iphoneos26.5-23F81a-688ef53f1462e2c8f657fdc38a81448fee66e23052a0157c865c76b268046726.sdkstatcache -target arm64-apple-ios12.0 -fmessage-length\=0 -fdiagnostics-show-note-include-stack -fmacro-backtrace-limit\=0 -fno-color-diagnostics -fmodules-prune-interval\=86400 -fmodules-prune-after\=345600 -fbuild-session-file\=/var/folders/d8/hvxvltxn0fl4rmnd52sncbth0000gn/C/org.llvm.clang/ModuleCache.noindex/Session.modulevalidation -fmodules-validate-once-per-build-session -Wnon-modular-include-in-framework-module -Werror\=non-modular-include-in-framework-module -Wno-trigraphs -Wno-missing-field-initializers -Wno-missing-prototypes -Wno-return-type -Wno-implicit-atomic-properties -Wno-objc-interface-ivars -Wno-arc-repeated-use-of-weak -Wno-missing-braces -Wparentheses -Wswitch -Wno-unused-function -Wno-unused-label -Wno-unused-parameter -Wno-unused-variable -Wunused-value -Wno-empty-body -Wno-uninitialized -Wno-unknown-pragmas -Wno-shadow -Wno-four-char-constants -Wno-conversion -Wno-constant-conversion -Wno-int-conversion -Wno-bool-conversion -Wno-enum-conversion -Wno-float-conversion -Wno-non-literal-null-conversion -Wno-objc-literal-conversion -Wshorten-64-to-32 -Wpointer-sign -Wno-newline-eof -Wno-selector -Wno-strict-selector-match -Wno-undeclared-selector -Wno-deprecated-implementations -Wno-implicit-fallthrough -isysroot /Applications/Xcode_26.6.app/Contents/Developer/Platforms/iPhoneOS.platform/Developer/SDKs/iPhoneOS26.5.sdk -fstrict-aliasing -Wprotocol -Wdeprecated-declarations -Wno-sign-conversion -Wno-infinite-recursion -Wno-comma -Wno-block-capture-autoreleasing -Wno-strict-prototypes -Wno-semicolon-before-method-body @/Users/runner/work/cfm-cheat/cfm-cheat/build/OBJROOT/CFMCheat.build/Release-iphoneos/CFMCheat.build/Objects-normal/arm64/e6072d4f65d7061329687fe24e3d63a7-common-args.resp -MMD -MT dependencies -MF /Users/runner/work/cfm-cheat/cfm-cheat/build/OBJROOT/CFMCheat.build/Release-iphoneos/CFMCheat.build/Objects-normal/arm64/MemoryEngine.d --serialize-diagnostics /Users/runner/work/cfm-cheat/cfm-cheat/build/OBJROOT/CFMCheat.build/Release-iphoneos/CFMCheat.build/Objects-normal/arm64/MemoryEngine.dia -c /Users/runner/work/cfm-cheat/cfm-cheat/CFMCheat/MemoryEngine.m -o /Users/runner/work/cfm-cheat/cfm-cheat/build/OBJROOT/CFMCheat.build/Release-iphoneos/CFMCheat.build/Objects-normal/arm64/MemoryEngine.o

CompileC /Users/runner/work/cfm-cheat/cfm-cheat/build/OBJROOT/CFMCheat.build/Release-iphoneos/CFMCheat.build/Objects-normal/arm64/KernelRW.o /Users/runner/work/cfm-cheat/cfm-cheat/CFMCheat/KernelRW.m normal arm64 objective-c com.apple.compilers.llvm.clang.1_0.compiler (in target 'CFMCheat' from project 'CFMCheat')
    cd /Users/runner/work/cfm-cheat/cfm-cheat
    
    Using response file: /Users/runner/work/cfm-cheat/cfm-cheat/build/OBJROOT/CFMCheat.build/Release-iphoneos/CFMCheat.build/Objects-normal/arm64/e6072d4f65d7061329687fe24e3d63a7-common-args.resp
    
    /Applications/Xcode_26.6.app/Contents/Developer/Toolchains/XcodeDefault.xctoolchain/usr/bin/clang -x objective-c -ivfsstatcache /var/folders/d8/hvxvltxn0fl4rmnd52sncbth0000gn/C/com.apple.DeveloperTools/26.6-17F113/Xcode/SDKStatCaches.noindex/iphoneos26.5-23F81a-688ef53f1462e2c8f657fdc38a81448fee66e23052a0157c865c76b268046726.sdkstatcache -target arm64-apple-ios12.0 -fmessage-length\=0 -fdiagnostics-show-note-include-stack -fmacro-backtrace-limit\=0 -fno-color-diagnostics -fmodules-prune-interval\=86400 -fmodules-prune-after\=345600 -fbuild-session-file\=/var/folders/d8/hvxvltxn0fl4rmnd52sncbth0000gn/C/org.llvm.clang/ModuleCache.noindex/Session.modulevalidation -fmodules-validate-once-per-build-session -Wnon-modular-include-in-framework-module -Werror\=non-modular-include-in-framework-module -Wno-trigraphs -Wno-missing-field-initializers -Wno-missing-prototypes -Wno-return-type -Wno-implicit-atomic-properties -Wno-objc-interface-ivars -Wno-arc-repeated-use-of-weak -Wno-missing-braces -Wparentheses -Wswitch -Wno-unused-function -Wno-unused-label -Wno-unused-parameter -Wno-unused-variable -Wunused-value -Wno-empty-body -Wno-uninitialized -Wno-unknown-pragmas -Wno-shadow -Wno-four-char-constants -Wno-conversion -Wno-constant-conversion -Wno-int-conversion -Wno-bool-conversion -Wno-enum-conversion -Wno-float-conversion -Wno-non-literal-null-conversion -Wno-objc-literal-conversion -Wshorten-64-to-32 -Wpointer-sign -Wno-newline-eof -Wno-selector -Wno-strict-selector-match -Wno-undeclared-selector -Wno-deprecated-implementations -Wno-implicit-fallthrough -isysroot /Applications/Xcode_26.6.app/Contents/Developer/Platforms/iPhoneOS.platform/Developer/SDKs/iPhoneOS26.5.sdk -fstrict-aliasing -Wprotocol -Wdeprecated-declarations -Wno-sign-conversion -Wno-infinite-recursion -Wno-comma -Wno-block-capture-autoreleasing -Wno-strict-prototypes -Wno-semicolon-before-method-body @/Users/runner/work/cfm-cheat/cfm-cheat/build/OBJROOT/CFMCheat.build/Release-iphoneos/CFMCheat.build/Objects-normal/arm64/e6072d4f65d7061329687fe24e3d63a7-common-args.resp -MMD -MT dependencies -MF /Users/runner/work/cfm-cheat/cfm-cheat/build/OBJROOT/CFMCheat.build/Release-iphoneos/CFMCheat.build/Objects-normal/arm64/KernelRW.d --serialize-diagnostics /Users/runner/work/cfm-cheat/cfm-cheat/build/OBJROOT/CFMCheat.build/Release-iphoneos/CFMCheat.build/Objects-normal/arm64/KernelRW.dia -c /Users/runner/work/cfm-cheat/cfm-cheat/CFMCheat/KernelRW.m -o /Users/runner/work/cfm-cheat/cfm-cheat/build/OBJROOT/CFMCheat.build/Release-iphoneos/CFMCheat.build/Objects-normal/arm64/KernelRW.o

CompileC /Users/runner/work/cfm-cheat/cfm-cheat/build/OBJROOT/CFMCheat.build/Release-iphoneos/CFMCheat.build/Objects-normal/arm64/CheatLoop.o /Users/runner/work/cfm-cheat/cfm-cheat/CFMCheat/CheatLoop.m normal arm64 objective-c com.apple.compilers.llvm.clang.1_0.compiler (in target 'CFMCheat' from project 'CFMCheat')
    cd /Users/runner/work/cfm-cheat/cfm-cheat
    
    Using response file: /Users/runner/work/cfm-cheat/cfm-cheat/build/OBJROOT/CFMCheat.build/Release-iphoneos/CFMCheat.build/Objects-normal/arm64/e6072d4f65d7061329687fe24e3d63a7-common-args.resp
    
    /Applications/Xcode_26.6.app/Contents/Developer/Toolchains/XcodeDefault.xctoolchain/usr/bin/clang -x objective-c -ivfsstatcache /var/folders/d8/hvxvltxn0fl4rmnd52sncbth0000gn/C/com.apple.DeveloperTools/26.6-17F113/Xcode/SDKStatCaches.noindex/iphoneos26.5-23F81a-688ef53f1462e2c8f657fdc38a81448fee66e23052a0157c865c76b268046726.sdkstatcache -target arm64-apple-ios12.0 -fmessage-length\=0 -fdiagnostics-show-note-include-stack -fmacro-backtrace-limit\=0 -fno-color-diagnostics -fmodules-prune-interval\=86400 -fmodules-prune-after\=345600 -fbuild-session-file\=/var/folders/d8/hvxvltxn0fl4rmnd52sncbth0000gn/C/org.llvm.clang/ModuleCache.noindex/Session.modulevalidation -fmodules-validate-once-per-build-session -Wnon-modular-include-in-framework-module -Werror\=non-modular-include-in-framework-module -Wno-trigraphs -Wno-missing-field-initializers -Wno-missing-prototypes -Wno-return-type -Wno-implicit-atomic-properties -Wno-objc-interface-ivars -Wno-arc-repeated-use-of-weak -Wno-missing-braces -Wparentheses -Wswitch -Wno-unused-function -Wno-unused-label -Wno-unused-parameter -Wno-unused-variable -Wunused-value -Wno-empty-body -Wno-uninitialized -Wno-unknown-pragmas -Wno-shadow -Wno-four-char-constants -Wno-conversion -Wno-constant-conversion -Wno-int-conversion -Wno-bool-conversion -Wno-enum-conversion -Wno-float-conversion -Wno-non-literal-null-conversion -Wno-objc-literal-conversion -Wshorten-64-to-32 -Wpointer-sign -Wno-newline-eof -Wno-selector -Wno-strict-selector-match -Wno-undeclared-selector -Wno-deprecated-implementations -Wno-implicit-fallthrough -isysroot /Applications/Xcode_26.6.app/Contents/Developer/Platforms/iPhoneOS.platform/Developer/SDKs/iPhoneOS26.5.sdk -fstrict-aliasing -Wprotocol -Wdeprecated-declarations -Wno-sign-conversion -Wno-infinite-recursion -Wno-comma -Wno-block-capture-autoreleasing -Wno-strict-prototypes -Wno-semicolon-before-method-body @/Users/runner/work/cfm-cheat/cfm-cheat/build/OBJROOT/CFMCheat.build/Release-iphoneos/CFMCheat.build/Objects-normal/arm64/e6072d4f65d7061329687fe24e3d63a7-common-args.resp -MMD -MT dependencies -MF /Users/runner/work/cfm-cheat/cfm-cheat/build/OBJROOT/CFMCheat.build/Release-iphoneos/CFMCheat.build/Objects-normal/arm64/CheatLoop.d --serialize-diagnostics /Users/runner/work/cfm-cheat/cfm-cheat/build/OBJROOT/CFMCheat.build/Release-iphoneos/CFMCheat.build/Objects-normal/arm64/CheatLoop.dia -c /Users/runner/work/cfm-cheat/cfm-cheat/CFMCheat/CheatLoop.m -o /Users/runner/work/cfm-cheat/cfm-cheat/build/OBJROOT/CFMCheat.build/Release-iphoneos/CFMCheat.build/Objects-normal/arm64/CheatLoop.o

PrecompileModule /Users/runner/work/cfm-cheat/cfm-cheat/build/OBJROOT/ExplicitPrecompiledModules/Symbols-CSROJLZWPHQS1D9PM9OBKF8YQ.scan
    cd /
    builtin-precompileModule /Users/runner/work/cfm-cheat/cfm-cheat/build/OBJROOT/ExplicitPrecompiledModules/Symbols-CSROJLZWPHQS1D9PM9OBKF8YQ.scan

PrecompileModule /Users/runner/work/cfm-cheat/cfm-cheat/build/OBJROOT/ExplicitPrecompiledModules/FileProvider-ATFG2PNK5KC8WSM0652SKHRH5.scan
    cd /
    builtin-precompileModule /Users/runner/work/cfm-cheat/cfm-cheat/build/OBJROOT/ExplicitPrecompiledModules/FileProvider-ATFG2PNK5KC8WSM0652SKHRH5.scan

PrecompileModule /Users/runner/work/cfm-cheat/cfm-cheat/build/OBJROOT/ExplicitPrecompiledModules/UserNotifications-9LWLSWGIJ25D74A2FVGNX1ZJV.scan
    cd /
    builtin-precompileModule /Users/runner/work/cfm-cheat/cfm-cheat/build/OBJROOT/ExplicitPrecompiledModules/UserNotifications-9LWLSWGIJ25D74A2FVGNX1ZJV.scan

PrecompileModule /Users/runner/work/cfm-cheat/cfm-cheat/build/OBJROOT/ExplicitPrecompiledModules/IOSurface-CHXCXBSJ1AV5V70NT5BA2ZAZ.scan
    cd /
    builtin-precompileModule /Users/runner/work/cfm-cheat/cfm-cheat/build/OBJROOT/ExplicitPrecompiledModules/IOSurface-CHXCXBSJ1AV5V70NT5BA2ZAZ.scan

PrecompileModule /Users/runner/work/cfm-cheat/cfm-cheat/build/OBJROOT/ExplicitPrecompiledModules/UIUtilities-O536V7N5CLFX4ILGLQE4XAPF.scan
    cd /
    builtin-precompileModule /Users/runner/work/cfm-cheat/cfm-cheat/build/OBJROOT/ExplicitPrecompiledModules/UIUtilities-O536V7N5CLFX4ILGLQE4XAPF.scan

PrecompileModule /Users/runner/work/cfm-cheat/cfm-cheat/build/OBJROOT/ExplicitPrecompiledModules/Metal-DL12FZA1YEOJLWVWUB74XFDGJ.scan
    cd /
    builtin-precompileModule /Users/runner/work/cfm-cheat/cfm-cheat/build/OBJROOT/ExplicitPrecompiledModules/Metal-DL12FZA1YEOJLWVWUB74XFDGJ.scan

PrecompileModule /Users/runner/work/cfm-cheat/cfm-cheat/build/OBJROOT/ExplicitPrecompiledModules/OpenGLES-IJ2ML1GMNRVUKQNQE0DA0CYA.scan
    cd /
    builtin-precompileModule /Users/runner/work/cfm-cheat/cfm-cheat/build/OBJROOT/ExplicitPrecompiledModules/OpenGLES-IJ2ML1GMNRVUKQNQE0DA0CYA.scan

PrecompileModule /Users/runner/work/cfm-cheat/cfm-cheat/build/OBJROOT/ExplicitPrecompiledModules/CoreVideo-K3P1HM0Q2C2YQ7WOJAGSVBEI.scan
    cd /
    builtin-precompileModule /Users/runner/work/cfm-cheat/cfm-cheat/build/OBJROOT/ExplicitPrecompiledModules/CoreVideo-K3P1HM0Q2C2YQ7WOJAGSVBEI.scan

PrecompileModule /Users/runner/work/cfm-cheat/cfm-cheat/build/OBJROOT/ExplicitPrecompiledModules/QuartzCore-D16QP7E9Q4E0U6ELVMONR38T4.scan
    cd /
    builtin-precompileModule /Users/runner/work/cfm-cheat/cfm-cheat/build/OBJROOT/ExplicitPrecompiledModules/QuartzCore-D16QP7E9Q4E0U6ELVMONR38T4.scan

PrecompileModule /Users/runner/work/cfm-cheat/cfm-cheat/build/OBJROOT/ExplicitPrecompiledModules/CoreImage-COS5PX69WEW2EKXHOAUK6U4ML.scan
    cd /
    builtin-precompileModule /Users/runner/work/cfm-cheat/cfm-cheat/build/OBJROOT/ExplicitPrecompiledModules/CoreImage-COS5PX69WEW2EKXHOAUK6U4ML.scan

PrecompileModule /Users/runner/work/cfm-cheat/cfm-cheat/build/OBJROOT/ExplicitPrecompiledModules/UIKit-8C9D3XC057SDB2I8G4WYRJ9LQ.scan
    cd /
    builtin-precompileModule /Users/runner/work/cfm-cheat/cfm-cheat/build/OBJROOT/ExplicitPrecompiledModules/UIKit-8C9D3XC057SDB2I8G4WYRJ9LQ.scan

CompileC /Users/runner/work/cfm-cheat/cfm-cheat/build/OBJROOT/CFMCheat.build/Release-iphoneos/CFMCheat.build/Objects-normal/arm64/main.o /Users/runner/work/cfm-cheat/cfm-cheat/CFMCheat/main.m normal arm64 objective-c com.apple.compilers.llvm.clang.1_0.compiler (in target 'CFMCheat' from project 'CFMCheat')
    cd /Users/runner/work/cfm-cheat/cfm-cheat
    
    Using response file: /Users/runner/work/cfm-cheat/cfm-cheat/build/OBJROOT/CFMCheat.build/Release-iphoneos/CFMCheat.build/Objects-normal/arm64/e6072d4f65d7061329687fe24e3d63a7-common-args.resp
    
    /Applications/Xcode_26.6.app/Contents/Developer/Toolchains/XcodeDefault.xctoolchain/usr/bin/clang -x objective-c -ivfsstatcache /var/folders/d8/hvxvltxn0fl4rmnd52sncbth0000gn/C/com.apple.DeveloperTools/26.6-17F113/Xcode/SDKStatCaches.noindex/iphoneos26.5-23F81a-688ef53f1462e2c8f657fdc38a81448fee66e23052a0157c865c76b268046726.sdkstatcache -target arm64-apple-ios12.0 -fmessage-length\=0 -fdiagnostics-show-note-include-stack -fmacro-backtrace-limit\=0 -fno-color-diagnostics -fmodules-prune-interval\=86400 -fmodules-prune-after\=345600 -fbuild-session-file\=/var/folders/d8/hvxvltxn0fl4rmnd52sncbth0000gn/C/org.llvm.clang/ModuleCache.noindex/Session.modulevalidation -fmodules-validate-once-per-build-session -Wnon-modular-include-in-framework-module -Werror\=non-modular-include-in-framework-module -Wno-trigraphs -Wno-missing-field-initializers -Wno-missing-prototypes -Wno-return-type -Wno-implicit-atomic-properties -Wno-objc-interface-ivars -Wno-arc-repeated-use-of-weak -Wno-missing-braces -Wparentheses -Wswitch -Wno-unused-function -Wno-unused-label -Wno-unused-parameter -Wno-unused-variable -Wunused-value -Wno-empty-body -Wno-uninitialized -Wno-unknown-pragmas -Wno-shadow -Wno-four-char-constants -Wno-conversion -Wno-constant-conversion -Wno-int-conversion -Wno-bool-conversion -Wno-enum-conversion -Wno-float-conversion -Wno-non-literal-null-conversion -Wno-objc-literal-conversion -Wshorten-64-to-32 -Wpointer-sign -Wno-newline-eof -Wno-selector -Wno-strict-selector-match -Wno-undeclared-selector -Wno-deprecated-implementations -Wno-implicit-fallthrough -isysroot /Applications/Xcode_26.6.app/Contents/Developer/Platforms/iPhoneOS.platform/Developer/SDKs/iPhoneOS26.5.sdk -fstrict-aliasing -Wprotocol -Wdeprecated-declarations -Wno-sign-conversion -Wno-infinite-recursion -Wno-comma -Wno-block-capture-autoreleasing -Wno-strict-prototypes -Wno-semicolon-before-method-body @/Users/runner/work/cfm-cheat/cfm-cheat/build/OBJROOT/CFMCheat.build/Release-iphoneos/CFMCheat.build/Objects-normal/arm64/e6072d4f65d7061329687fe24e3d63a7-common-args.resp -MMD -MT dependencies -MF /Users/runner/work/cfm-cheat/cfm-cheat/build/OBJROOT/CFMCheat.build/Release-iphoneos/CFMCheat.build/Objects-normal/arm64/main.d --serialize-diagnostics /Users/runner/work/cfm-cheat/cfm-cheat/build/OBJROOT/CFMCheat.build/Release-iphoneos/CFMCheat.build/Objects-normal/arm64/main.dia -c /Users/runner/work/cfm-cheat/cfm-cheat/CFMCheat/main.m -o /Users/runner/work/cfm-cheat/cfm-cheat/build/OBJROOT/CFMCheat.build/Release-iphoneos/CFMCheat.build/Objects-normal/arm64/main.o

CompileC /Users/runner/work/cfm-cheat/cfm-cheat/build/OBJROOT/CFMCheat.build/Release-iphoneos/CFMCheat.build/Objects-normal/arm64/ViewController.o /Users/runner/work/cfm-cheat/cfm-cheat/CFMCheat/ViewController.m normal arm64 objective-c com.apple.compilers.llvm.clang.1_0.compiler (in target 'CFMCheat' from project 'CFMCheat')
    cd /Users/runner/work/cfm-cheat/cfm-cheat
    
    Using response file: /Users/runner/work/cfm-cheat/cfm-cheat/build/OBJROOT/CFMCheat.build/Release-iphoneos/CFMCheat.build/Objects-normal/arm64/e6072d4f65d7061329687fe24e3d63a7-common-args.resp
    
    /Applications/Xcode_26.6.app/Contents/Developer/Toolchains/XcodeDefault.xctoolchain/usr/bin/clang -x objective-c -ivfsstatcache /var/folders/d8/hvxvltxn0fl4rmnd52sncbth0000gn/C/com.apple.DeveloperTools/26.6-17F113/Xcode/SDKStatCaches.noindex/iphoneos26.5-23F81a-688ef53f1462e2c8f657fdc38a81448fee66e23052a0157c865c76b268046726.sdkstatcache -target arm64-apple-ios12.0 -fmessage-length\=0 -fdiagnostics-show-note-include-stack -fmacro-backtrace-limit\=0 -fno-color-diagnostics -fmodules-prune-interval\=86400 -fmodules-prune-after\=345600 -fbuild-session-file\=/var/folders/d8/hvxvltxn0fl4rmnd52sncbth0000gn/C/org.llvm.clang/ModuleCache.noindex/Session.modulevalidation -fmodules-validate-once-per-build-session -Wnon-modular-include-in-framework-module -Werror\=non-modular-include-in-framework-module -Wno-trigraphs -Wno-missing-field-initializers -Wno-missing-prototypes -Wno-return-type -Wno-implicit-atomic-properties -Wno-objc-interface-ivars -Wno-arc-repeated-use-of-weak -Wno-missing-braces -Wparentheses -Wswitch -Wno-unused-function -Wno-unused-label -Wno-unused-parameter -Wno-unused-variable -Wunused-value -Wno-empty-body -Wno-uninitialized -Wno-unknown-pragmas -Wno-shadow -Wno-four-char-constants -Wno-conversion -Wno-constant-conversion -Wno-int-conversion -Wno-bool-conversion -Wno-enum-conversion -Wno-float-conversion -Wno-non-literal-null-conversion -Wno-objc-literal-conversion -Wshorten-64-to-32 -Wpointer-sign -Wno-newline-eof -Wno-selector -Wno-strict-selector-match -Wno-undeclared-selector -Wno-deprecated-implementations -Wno-implicit-fallthrough -isysroot /Applications/Xcode_26.6.app/Contents/Developer/Platforms/iPhoneOS.platform/Developer/SDKs/iPhoneOS26.5.sdk -fstrict-aliasing -Wprotocol -Wdeprecated-declarations -Wno-sign-conversion -Wno-infinite-recursion -Wno-comma -Wno-block-capture-autoreleasing -Wno-strict-prototypes -Wno-semicolon-before-method-body @/Users/runner/work/cfm-cheat/cfm-cheat/build/OBJROOT/CFMCheat.build/Release-iphoneos/CFMCheat.build/Objects-normal/arm64/e6072d4f65d7061329687fe24e3d63a7-common-args.resp -MMD -MT dependencies -MF /Users/runner/work/cfm-cheat/cfm-cheat/build/OBJROOT/CFMCheat.build/Release-iphoneos/CFMCheat.build/Objects-normal/arm64/ViewController.d --serialize-diagnostics /Users/runner/work/cfm-cheat/cfm-cheat/build/OBJROOT/CFMCheat.build/Release-iphoneos/CFMCheat.build/Objects-normal/arm64/ViewController.dia -c /Users/runner/work/cfm-cheat/cfm-cheat/CFMCheat/ViewController.m -o /Users/runner/work/cfm-cheat/cfm-cheat/build/OBJROOT/CFMCheat.build/Release-iphoneos/CFMCheat.build/Objects-normal/arm64/ViewController.o
/Users/runner/work/cfm-cheat/cfm-cheat/CFMCheat/ViewController.m:27:42: warning: 'systemBackgroundColor' is only available on iOS 13.0 or newer [-Wunguarded-availability-new]
   27 |     self.view.backgroundColor = [UIColor systemBackgroundColor];
      |                                          ^~~~~~~~~~~~~~~~~~~~~~
In module 'UIKit' imported from /Users/runner/work/cfm-cheat/cfm-cheat/CFMCheat/ViewController.h:6:
/Applications/Xcode_26.6.app/Contents/Developer/Platforms/iPhoneOS.platform/Developer/SDKs/iPhoneOS26.5.sdk/System/Library/Frameworks/UIKit.framework/Headers/UIInterface.h:208:49: note: 'systemBackgroundColor' has been marked as being introduced in iOS 13.0 here, but the deployment target is iOS 12.0.0
  208 | @property (class, nonatomic, readonly) UIColor *systemBackgroundColor                   API_AVAILABLE(ios(13.0)) API_UNAVAILABLE(tvos, watchos);
      |                                                 ^
/Users/runner/work/cfm-cheat/cfm-cheat/CFMCheat/ViewController.m:27:42: note: enclose 'systemBackgroundColor' in an @available check to silence this warning
   27 |     self.view.backgroundColor = [UIColor systemBackgroundColor];
      |                                          ^~~~~~~~~~~~~~~~~~~~~~ 
1 warning generated.

CompileC /Users/runner/work/cfm-cheat/cfm-cheat/build/OBJROOT/CFMCheat.build/Release-iphoneos/CFMCheat.build/Objects-normal/arm64/DeviceManager.o /Users/runner/work/cfm-cheat/cfm-cheat/CFMCheat/DeviceManager.m normal arm64 objective-c com.apple.compilers.llvm.clang.1_0.compiler (in target 'CFMCheat' from project 'CFMCheat')
    cd /Users/runner/work/cfm-cheat/cfm-cheat
    
    Using response file: /Users/runner/work/cfm-cheat/cfm-cheat/build/OBJROOT/CFMCheat.build/Release-iphoneos/CFMCheat.build/Objects-normal/arm64/e6072d4f65d7061329687fe24e3d63a7-common-args.resp
    
    /Applications/Xcode_26.6.app/Contents/Developer/Toolchains/XcodeDefault.xctoolchain/usr/bin/clang -x objective-c -ivfsstatcache /var/folders/d8/hvxvltxn0fl4rmnd52sncbth0000gn/C/com.apple.DeveloperTools/26.6-17F113/Xcode/SDKStatCaches.noindex/iphoneos26.5-23F81a-688ef53f1462e2c8f657fdc38a81448fee66e23052a0157c865c76b268046726.sdkstatcache -target arm64-apple-ios12.0 -fmessage-length\=0 -fdiagnostics-show-note-include-stack -fmacro-backtrace-limit\=0 -fno-color-diagnostics -fmodules-prune-interval\=86400 -fmodules-prune-after\=345600 -fbuild-session-file\=/var/folders/d8/hvxvltxn0fl4rmnd52sncbth0000gn/C/org.llvm.clang/ModuleCache.noindex/Session.modulevalidation -fmodules-validate-once-per-build-session -Wnon-modular-include-in-framework-module -Werror\=non-modular-include-in-framework-module -Wno-trigraphs -Wno-missing-field-initializers -Wno-missing-prototypes -Wno-return-type -Wno-implicit-atomic-properties -Wno-objc-interface-ivars -Wno-arc-repeated-use-of-weak -Wno-missing-braces -Wparentheses -Wswitch -Wno-unused-function -Wno-unused-label -Wno-unused-parameter -Wno-unused-variable -Wunused-value -Wno-empty-body -Wno-uninitialized -Wno-unknown-pragmas -Wno-shadow -Wno-four-char-constants -Wno-conversion -Wno-constant-conversion -Wno-int-conversion -Wno-bool-conversion -Wno-enum-conversion -Wno-float-conversion -Wno-non-literal-null-conversion -Wno-objc-literal-conversion -Wshorten-64-to-32 -Wpointer-sign -Wno-newline-eof -Wno-selector -Wno-strict-selector-match -Wno-undeclared-selector -Wno-deprecated-implementations -Wno-implicit-fallthrough -isysroot /Applications/Xcode_26.6.app/Contents/Developer/Platforms/iPhoneOS.platform/Developer/SDKs/iPhoneOS26.5.sdk -fstrict-aliasing -Wprotocol -Wdeprecated-declarations -Wno-sign-conversion -Wno-infinite-recursion -Wno-comma -Wno-block-capture-autoreleasing -Wno-strict-prototypes -Wno-semicolon-before-method-body @/Users/runner/work/cfm-cheat/cfm-cheat/build/OBJROOT/CFMCheat.build/Release-iphoneos/CFMCheat.build/Objects-normal/arm64/e6072d4f65d7061329687fe24e3d63a7-common-args.resp -MMD -MT dependencies -MF /Users/runner/work/cfm-cheat/cfm-cheat/build/OBJROOT/CFMCheat.build/Release-iphoneos/CFMCheat.build/Objects-normal/arm64/DeviceManager.d --serialize-diagnostics /Users/runner/work/cfm-cheat/cfm-cheat/build/OBJROOT/CFMCheat.build/Release-iphoneos/CFMCheat.build/Objects-normal/arm64/DeviceManager.dia -c /Users/runner/work/cfm-cheat/cfm-cheat/CFMCheat/DeviceManager.m -o /Users/runner/work/cfm-cheat/cfm-cheat/build/OBJROOT/CFMCheat.build/Release-iphoneos/CFMCheat.build/Objects-normal/arm64/DeviceManager.o

CompileC /Users/runner/work/cfm-cheat/cfm-cheat/build/OBJROOT/CFMCheat.build/Release-iphoneos/CFMCheat.build/Objects-normal/arm64/AppDelegate.o /Users/runner/work/cfm-cheat/cfm-cheat/CFMCheat/AppDelegate.m normal arm64 objective-c com.apple.compilers.llvm.clang.1_0.compiler (in target 'CFMCheat' from project 'CFMCheat')
    cd /Users/runner/work/cfm-cheat/cfm-cheat
    
    Using response file: /Users/runner/work/cfm-cheat/cfm-cheat/build/OBJROOT/CFMCheat.build/Release-iphoneos/CFMCheat.build/Objects-normal/arm64/e6072d4f65d7061329687fe24e3d63a7-common-args.resp
    
    /Applications/Xcode_26.6.app/Contents/Developer/Toolchains/XcodeDefault.xctoolchain/usr/bin/clang -x objective-c -ivfsstatcache /var/folders/d8/hvxvltxn0fl4rmnd52sncbth0000gn/C/com.apple.DeveloperTools/26.6-17F113/Xcode/SDKStatCaches.noindex/iphoneos26.5-23F81a-688ef53f1462e2c8f657fdc38a81448fee66e23052a0157c865c76b268046726.sdkstatcache -target arm64-apple-ios12.0 -fmessage-length\=0 -fdiagnostics-show-note-include-stack -fmacro-backtrace-limit\=0 -fno-color-diagnostics -fmodules-prune-interval\=86400 -fmodules-prune-after\=345600 -fbuild-session-file\=/var/folders/d8/hvxvltxn0fl4rmnd52sncbth0000gn/C/org.llvm.clang/ModuleCache.noindex/Session.modulevalidation -fmodules-validate-once-per-build-session -Wnon-modular-include-in-framework-module -Werror\=non-modular-include-in-framework-module -Wno-trigraphs -Wno-missing-field-initializers -Wno-missing-prototypes -Wno-return-type -Wno-implicit-atomic-properties -Wno-objc-interface-ivars -Wno-arc-repeated-use-of-weak -Wno-missing-braces -Wparentheses -Wswitch -Wno-unused-function -Wno-unused-label -Wno-unused-parameter -Wno-unused-variable -Wunused-value -Wno-empty-body -Wno-uninitialized -Wno-unknown-pragmas -Wno-shadow -Wno-four-char-constants -Wno-conversion -Wno-constant-conversion -Wno-int-conversion -Wno-bool-conversion -Wno-enum-conversion -Wno-float-conversion -Wno-non-literal-null-conversion -Wno-objc-literal-conversion -Wshorten-64-to-32 -Wpointer-sign -Wno-newline-eof -Wno-selector -Wno-strict-selector-match -Wno-undeclared-selector -Wno-deprecated-implementations -Wno-implicit-fallthrough -isysroot /Applications/Xcode_26.6.app/Contents/Developer/Platforms/iPhoneOS.platform/Developer/SDKs/iPhoneOS26.5.sdk -fstrict-aliasing -Wprotocol -Wdeprecated-declarations -Wno-sign-conversion -Wno-infinite-recursion -Wno-comma -Wno-block-capture-autoreleasing -Wno-strict-prototypes -Wno-semicolon-before-method-body @/Users/runner/work/cfm-cheat/cfm-cheat/build/OBJROOT/CFMCheat.build/Release-iphoneos/CFMCheat.build/Objects-normal/arm64/e6072d4f65d7061329687fe24e3d63a7-common-args.resp -MMD -MT dependencies -MF /Users/runner/work/cfm-cheat/cfm-cheat/build/OBJROOT/CFMCheat.build/Release-iphoneos/CFMCheat.build/Objects-normal/arm64/AppDelegate.d --serialize-diagnostics /Users/runner/work/cfm-cheat/cfm-cheat/build/OBJROOT/CFMCheat.build/Release-iphoneos/CFMCheat.build/Objects-normal/arm64/AppDelegate.dia -c /Users/runner/work/cfm-cheat/cfm-cheat/CFMCheat/AppDelegate.m -o /Users/runner/work/cfm-cheat/cfm-cheat/build/OBJROOT/CFMCheat.build/Release-iphoneos/CFMCheat.build/Objects-normal/arm64/AppDelegate.o

Ld /Users/runner/work/cfm-cheat/cfm-cheat/build/SYMROOT/Release-iphoneos/CFMCheat.app/CFMCheat normal (in target 'CFMCheat' from project 'CFMCheat')
    cd /Users/runner/work/cfm-cheat/cfm-cheat
    /Applications/Xcode_26.6.app/Contents/Developer/Toolchains/XcodeDefault.xctoolchain/usr/bin/clang -Xlinker -reproducible -target arm64-apple-ios12.0 -isysroot /Applications/Xcode_26.6.app/Contents/Developer/Platforms/iPhoneOS.platform/Developer/SDKs/iPhoneOS26.5.sdk -Os -L/Users/runner/work/cfm-cheat/cfm-cheat/build/OBJROOT/EagerLinkingTBDs/Release-iphoneos -L/Users/runner/work/cfm-cheat/cfm-cheat/build/SYMROOT/Release-iphoneos -F/Users/runner/work/cfm-cheat/cfm-cheat/build/OBJROOT/EagerLinkingTBDs/Release-iphoneos -F/Users/runner/work/cfm-cheat/cfm-cheat/build/SYMROOT/Release-iphoneos -filelist /Users/runner/work/cfm-cheat/cfm-cheat/build/OBJROOT/CFMCheat.build/Release-iphoneos/CFMCheat.build/Objects-normal/arm64/CFMCheat.LinkFileList -Xlinker -rpath -Xlinker @executable_path/Frameworks -Xlinker -dead_strip -Xlinker -object_path_lto -Xlinker /Users/runner/work/cfm-cheat/cfm-cheat/build/OBJROOT/CFMCheat.build/Release-iphoneos/CFMCheat.build/Objects-normal/arm64/CFMCheat_lto.o -Xlinker -dependency_info -Xlinker /Users/runner/work/cfm-cheat/cfm-cheat/build/OBJROOT/CFMCheat.build/Release-iphoneos/CFMCheat.build/Objects-normal/arm64/CFMCheat_dependency_info.dat -fobjc-arc -fobjc-link-runtime -o /Users/runner/work/cfm-cheat/cfm-cheat/build/SYMROOT/Release-iphoneos/CFMCheat.app/CFMCheat
/Users/runner/work/cfm-cheat/cfm-cheat/CFMCheat.xcodeproj: CFMCheat: ld: warning: Could not find or use auto-linked framework 'UIUtilities': framework 'UIUtilities' not found
Undefined symbols for architecture arm64:
  "_kclose", referenced from:
      +[KernelRW teardown] in KernelRW.o
  "_kopen", referenced from:
      +[KernelRW acquire] in KernelRW.o
  "_kread", referenced from:
      +[KernelRW kread64:] in KernelRW.o
      +[KernelRW kread32:] in KernelRW.o
      +[KernelRW kreadBuf:buf:size:] in KernelRW.o
  "_kwrite", referenced from:
      +[KernelRW kwrite64:value:] in KernelRW.o
      +[KernelRW kwrite32:value:] in KernelRW.o
      +[KernelRW kwriteBuf:buf:size:] in KernelRW.o
ld: symbol(s) not found for architecture arm64
/Users/runner/work/cfm-cheat/cfm-cheat/CFMCheat.xcodeproj: CFMCheat: clang: error: linker command failed with exit code 1 (use -v to see invocation)

** BUILD FAILED **


The following build commands failed:
	Ld /Users/runner/work/cfm-cheat/cfm-cheat/build/SYMROOT/Release-iphoneos/CFMCheat.app/CFMCheat normal (in target 'CFMCheat' from project 'CFMCheat')
(1 failure)
